******************************************************************************
                  TI ARM Linker PC v18.1.1                     
******************************************************************************
>> Linked Wed Dec 26 13:40:52 2018

OUTPUT FILE NAME:   <ADC_Driver.out>
ENTRY POINT SYMBOL: "_c_int00_noargs"  address: 00000809


MEMORY CONFIGURATION

         name            origin    length      used     unused   attr    fill
----------------------  --------  ---------  --------  --------  ----  --------
  MAIN                  00000000   00040000  000008ce  0003f732  R  X
  INFO                  00200000   00004000  00000000  00004000  R  X
  SRAM_CODE             01000000   00010000  00000258  0000fda8  RW X
  SRAM_DATA             20000000   00010000  00000258  0000fda8  RW  


SEGMENT ALLOCATION MAP

run origin  load origin   length   init length attrs members
----------  ----------- ---------- ----------- ----- -------
00000000    00000000    000008d0   000008d0    r-x
  00000000    00000000    000000e4   000000e4    r-- .intvecs
  000000e4    000000e4    00000792   00000792    r-x .text
  00000878    00000878    00000058   00000058    r-- .cinit
20000000    20000000    00000058   00000000    rw-
  20000000    20000000    00000054   00000000    rw- .data
  20000054    20000054    00000004   00000000    rw- .bss
2000fe00    2000fe00    00000200   00000000    rw-
  2000fe00    2000fe00    00000200   00000000    rw- .stack


SECTION ALLOCATION MAP

 output                                  attributes/
section   page    origin      length       input sections
--------  ----  ----------  ----------   ----------------
.intvecs   0    00000000    000000e4     
                  00000000    000000e4     startup_msp432p401r_ccs.obj (.intvecs:retain)

.text      0    000000e4    00000792     
                  000000e4    00000378     system_msp432p401r.obj (.text)
                  0000045c    000001d8     ADC_Driver.obj (.text)
                  00000634    0000009c     rtsv7M4_T_le_v4SPD16_eabi.lib : memcpy_t2.asm.obj (.text)
                  000006d0    0000008c     main.obj (.text)
                  0000075c    00000068     rtsv7M4_T_le_v4SPD16_eabi.lib : copy_decompress_lzss.c.obj (.text:decompress:lzss:__TI_decompress_lzss)
                  000007c4    00000044                                   : autoinit.c.obj (.text:__TI_auto_init_nobinit_nopinit:__TI_auto_init_nobinit_nopinit)
                  00000808    00000038                                   : boot_cortex_m.c.obj (.text:_c_int00_noargs:_c_int00_noargs)
                  00000840    00000012                                   : copy_zero_init.c.obj (.text:decompress:ZI:__TI_zero_init_nomemset:__TI_zero_init_nomemset)
                  00000852    0000000e                                   : copy_decompress_none.c.obj (.text:decompress:none:__TI_decompress_none)
                  00000860    0000000e     startup_msp432p401r_ccs.obj (.text)
                  0000086e    00000004     rtsv7M4_T_le_v4SPD16_eabi.lib : pre_init.c.obj (.text:_system_pre_init)
                  00000872    00000004                                   : exit.c.obj (.text:abort:abort)

.cinit     0    00000878    00000058     
                  00000878    00000030     (.cinit..data.load) [load image, compression = lzss]
                  000008a8    0000000c     (__TI_handler_table)
                  000008b4    00000004     --HOLE-- [fill = 0]
                  000008b8    00000008     (.cinit..bss.load) [load image, compression = zero_init]
                  000008c0    00000010     (__TI_cinit_table)

.init_array 
*          0    00000000    00000000     UNINITIALIZED

.binit     0    00000000    00000000     

.data      0    20000000    00000054     UNINITIALIZED
                  20000000    00000010     ADC_Driver.obj (.data:ADC_Callbacks)
                  20000010    00000010     ADC_Driver.obj (.data:ADC_MapInput)
                  20000020    00000010     ADC_Driver.obj (.data:ADC_MapInterrupt)
                  20000030    00000010     ADC_Driver.obj (.data:ADC_MapMemory)
                  20000040    00000010     ADC_Driver.obj (.data:ADC_MapPin)
                  20000050    00000004     system_msp432p401r.obj (.data)

.bss       0    20000054    00000004     UNINITIALIZED
                  20000054    00000002     (.common:adc0)
                  20000056    00000002     (.common:adc1)

.stack     0    2000fe00    00000200     UNINITIALIZED
                  2000fe00    00000004     rtsv7M4_T_le_v4SPD16_eabi.lib : boot_cortex_m.c.obj (.stack)
                  2000fe04    000001fc     --HOLE--

MODULE SUMMARY

       Module                        code   ro data   rw data
       ------                        ----   -------   -------
    .\
       system_msp432p401r.obj        888    0         8      
       ADC_Driver.obj                472    0         160    
       startup_msp432p401r_ccs.obj   14     228       0      
       main.obj                      140    0         8      
    +--+-----------------------------+------+---------+---------+
       Total:                        1514   228       176    
                                                             
    C:\ti\ccsv7\tools\compiler\ti-cgt-arm_18.1.1.LTS\lib\rtsv7M4_T_le_v4SPD16_eabi.lib
       memcpy_t2.asm.obj             156    0         0      
       copy_decompress_lzss.c.obj    104    0         0      
       autoinit.c.obj                68     0         0      
       boot_cortex_m.c.obj           56     0         0      
       copy_zero_init.c.obj          18     0         0      
       copy_decompress_none.c.obj    14     0         0      
       exit.c.obj                    4      0         0      
       pre_init.c.obj                4      0         0      
    +--+-----------------------------+------+---------+---------+
       Total:                        424    0         0      
                                                             
       Stack:                        0      0         1024   
       Linker Generated:             0      84        0      
    +--+-----------------------------+------+---------+---------+
       Grand Total:                  1938   312       1200   


LINKER GENERATED COPY TABLES

__TI_cinit_table @ 000008c0 records: 2, size/record: 8, table size: 16
	.data: load addr=00000878, load size=00000030 bytes, run addr=20000000, run size=00000054 bytes, compression=lzss
	.bss: load addr=000008b8, load size=00000008 bytes, run addr=20000054, run size=00000004 bytes, compression=zero_init


LINKER GENERATED HANDLER TABLE

__TI_handler_table @ 000008a8 records: 3, size/record: 4, table size: 12
	index: 0, handler: __TI_decompress_lzss
	index: 1, handler: __TI_decompress_none
	index: 2, handler: __TI_zero_init


GLOBAL SYMBOLS: SORTED ALPHABETICALLY BY Name 

address   name                          
-------   ----                          
000006d1  ADC0_Callback                 
00000525  ADC14_IRQHandler              
00000525  ADC14_IRQHandler              
000006e5  ADC1_Callback                 
20000000  ADC_Callbacks                 
20000010  ADC_MapInput                  
20000020  ADC_MapInterrupt              
20000030  ADC_MapMemory                 
20000040  ADC_MapPin                    
0000045d  ADC_Open                      
000004bf  ADC_Read                      
0000050f  ADC_SetCallback               
0000086d  AES256_IRQHandler             
0000086d  BusFault_Handler              
00000873  C$$EXIT                       
0000086d  COMP_E0_IRQHandler            
0000086d  COMP_E1_IRQHandler            
0000086d  CS_IRQHandler                 
0000086d  DMA_ERR_IRQHandler            
0000086d  DMA_INT0_IRQHandler           
0000086d  DMA_INT1_IRQHandler           
0000086d  DMA_INT2_IRQHandler           
0000086d  DMA_INT3_IRQHandler           
0000086d  DebugMon_Handler              
0000086d  Default_Handler               
0000086d  EUSCIA0_IRQHandler            
0000086d  EUSCIA1_IRQHandler            
0000086d  EUSCIA2_IRQHandler            
0000086d  EUSCIA3_IRQHandler            
0000086d  EUSCIB0_IRQHandler            
0000086d  EUSCIB1_IRQHandler            
0000086d  EUSCIB2_IRQHandler            
0000086d  EUSCIB3_IRQHandler            
0000086d  FLCTL_IRQHandler              
0000086d  FPU_IRQHandler                
0000086d  HardFault_Handler             
0000086d  MemManage_Handler             
0000086d  NMI_Handler                   
0000086d  PCM_IRQHandler                
0000086d  PORT1_IRQHandler              
0000086d  PORT2_IRQHandler              
0000086d  PORT3_IRQHandler              
0000086d  PORT4_IRQHandler              
0000086d  PORT5_IRQHandler              
0000086d  PORT6_IRQHandler              
0000086d  PSS_IRQHandler                
0000086d  PendSV_Handler                
0000086d  RTC_C_IRQHandler              
00000861  Reset_Handler                 
0000086d  SVC_Handler                   
0000086d  SysTick_Handler               
20000050  SystemCoreClock               
000000e5  SystemCoreClockUpdate         
0000035d  SystemInit                    
0000086d  T32_INT1_IRQHandler           
0000086d  T32_INT2_IRQHandler           
0000086d  T32_INTC_IRQHandler           
0000086d  TA0_0_IRQHandler              
0000086d  TA0_N_IRQHandler              
0000086d  TA1_0_IRQHandler              
0000086d  TA1_N_IRQHandler              
0000086d  TA2_0_IRQHandler              
0000086d  TA2_N_IRQHandler              
0000086d  TA3_0_IRQHandler              
0000086d  TA3_N_IRQHandler              
0000086d  UsageFault_Handler            
4000480c  WDTCTL_SYM                    
0000086d  WDT_A_IRQHandler              
20010000  __STACK_END                   
00000200  __STACK_SIZE                  
000008c0  __TI_CINIT_Base               
000008d0  __TI_CINIT_Limit              
000008a8  __TI_Handler_Table_Base       
000008b4  __TI_Handler_Table_Limit      
000007c5  __TI_auto_init_nobinit_nopinit
0000075d  __TI_decompress_lzss          
00000853  __TI_decompress_none          
ffffffff  __TI_pprof_out_hndl           
ffffffff  __TI_prof_data_size           
ffffffff  __TI_prof_data_start          
00000000  __TI_static_base__            
00000841  __TI_zero_init_nomemset       
00000635  __aeabi_memcpy                
00000635  __aeabi_memcpy4               
00000635  __aeabi_memcpy8               
ffffffff  __binit__                     
ffffffff  __c_args__                    
UNDEFED   __mpu_init                    
2000fe00  __stack                       
00000809  _c_int00_noargs               
UNDEFED   _system_post_cinit            
0000086f  _system_pre_init              
00000873  abort                         
20000054  adc0                          
20000056  adc1                          
ffffffff  binit                         
00000000  interruptVectors              
000006f9  main                          
00000635  memcpy                        


GLOBAL SYMBOLS: SORTED BY Symbol Address 

address   name                          
-------   ----                          
00000000  __TI_static_base__            
00000000  interruptVectors              
000000e5  SystemCoreClockUpdate         
00000200  __STACK_SIZE                  
0000035d  SystemInit                    
0000045d  ADC_Open                      
000004bf  ADC_Read                      
0000050f  ADC_SetCallback               
00000525  ADC14_IRQHandler              
00000525  ADC14_IRQHandler              
00000635  __aeabi_memcpy                
00000635  __aeabi_memcpy4               
00000635  __aeabi_memcpy8               
00000635  memcpy                        
000006d1  ADC0_Callback                 
000006e5  ADC1_Callback                 
000006f9  main                          
0000075d  __TI_decompress_lzss          
000007c5  __TI_auto_init_nobinit_nopinit
00000809  _c_int00_noargs               
00000841  __TI_zero_init_nomemset       
00000853  __TI_decompress_none          
00000861  Reset_Handler                 
0000086d  AES256_IRQHandler             
0000086d  BusFault_Handler              
0000086d  COMP_E0_IRQHandler            
0000086d  COMP_E1_IRQHandler            
0000086d  CS_IRQHandler                 
0000086d  DMA_ERR_IRQHandler            
0000086d  DMA_INT0_IRQHandler           
0000086d  DMA_INT1_IRQHandler           
0000086d  DMA_INT2_IRQHandler           
0000086d  DMA_INT3_IRQHandler           
0000086d  DebugMon_Handler              
0000086d  Default_Handler               
0000086d  EUSCIA0_IRQHandler            
0000086d  EUSCIA1_IRQHandler            
0000086d  EUSCIA2_IRQHandler            
0000086d  EUSCIA3_IRQHandler            
0000086d  EUSCIB0_IRQHandler            
0000086d  EUSCIB1_IRQHandler            
0000086d  EUSCIB2_IRQHandler            
0000086d  EUSCIB3_IRQHandler            
0000086d  FLCTL_IRQHandler              
0000086d  FPU_IRQHandler                
0000086d  HardFault_Handler             
0000086d  MemManage_Handler             
0000086d  NMI_Handler                   
0000086d  PCM_IRQHandler                
0000086d  PORT1_IRQHandler              
0000086d  PORT2_IRQHandler              
0000086d  PORT3_IRQHandler              
0000086d  PORT4_IRQHandler              
0000086d  PORT5_IRQHandler              
0000086d  PORT6_IRQHandler              
0000086d  PSS_IRQHandler                
0000086d  PendSV_Handler                
0000086d  RTC_C_IRQHandler              
0000086d  SVC_Handler                   
0000086d  SysTick_Handler               
0000086d  T32_INT1_IRQHandler           
0000086d  T32_INT2_IRQHandler           
0000086d  T32_INTC_IRQHandler           
0000086d  TA0_0_IRQHandler              
0000086d  TA0_N_IRQHandler              
0000086d  TA1_0_IRQHandler              
0000086d  TA1_N_IRQHandler              
0000086d  TA2_0_IRQHandler              
0000086d  TA2_N_IRQHandler              
0000086d  TA3_0_IRQHandler              
0000086d  TA3_N_IRQHandler              
0000086d  UsageFault_Handler            
0000086d  WDT_A_IRQHandler              
0000086f  _system_pre_init              
00000873  C$$EXIT                       
00000873  abort                         
000008a8  __TI_Handler_Table_Base       
000008b4  __TI_Handler_Table_Limit      
000008c0  __TI_CINIT_Base               
000008d0  __TI_CINIT_Limit              
20000000  ADC_Callbacks                 
20000010  ADC_MapInput                  
20000020  ADC_MapInterrupt              
20000030  ADC_MapMemory                 
20000040  ADC_MapPin                    
20000050  SystemCoreClock               
20000054  adc0                          
20000056  adc1                          
2000fe00  __stack                       
20010000  __STACK_END                   
4000480c  WDTCTL_SYM                    
ffffffff  __TI_pprof_out_hndl           
ffffffff  __TI_prof_data_size           
ffffffff  __TI_prof_data_start          
ffffffff  __binit__                     
ffffffff  __c_args__                    
ffffffff  binit                         
UNDEFED   __mpu_init                    
UNDEFED   _system_post_cinit            

[99 symbols]
