<?xml version="1.0" encoding="ISO-8859-1" ?>
<link_info>
   <banner>TI ARM Linker PC v18.1.1.LTS</banner>
   <copyright>Copyright (c) 1996-2017 Texas Instruments Incorporated</copyright>
   <link_time>0x5c2a9abb</link_time>
   <link_errors>0x0</link_errors>
   <output_file>Salieri Drivers Sample.out</output_file>
   <entry_point>
      <name>_c_int00_noargs</name>
      <address>0x1481</address>
   </entry_point>
   <input_file_list>
      <input_file id="fl-2">
         <path>.\</path>
         <kind>object</kind>
         <file>main.obj</file>
         <name>main.obj</name>
      </input_file>
      <input_file id="fl-3">
         <path>.\</path>
         <kind>object</kind>
         <file>startup_msp432p401r_ccs.obj</file>
         <name>startup_msp432p401r_ccs.obj</name>
      </input_file>
      <input_file id="fl-4">
         <path>.\</path>
         <kind>object</kind>
         <file>system_msp432p401r.obj</file>
         <name>system_msp432p401r.obj</name>
      </input_file>
      <input_file id="fl-a">
         <kind>object</kind>
         <file>&lt;internal&gt;</file>
         <name>&lt;internal&gt;</name>
      </input_file>
      <input_file id="fl-c0">
         <path>C:\ti\ccsv7\tools\compiler\ti-cgt-arm_18.1.1.LTS\lib\</path>
         <kind>archive</kind>
         <file>rtsv7M4_T_le_v4SPD16_eabi.lib</file>
         <name>copy_zero_init.c.obj</name>
      </input_file>
      <input_file id="fl-c1">
         <path>C:\ti\ccsv7\tools\compiler\ti-cgt-arm_18.1.1.LTS\lib\</path>
         <kind>archive</kind>
         <file>rtsv7M4_T_le_v4SPD16_eabi.lib</file>
         <name>copy_decompress_none.c.obj</name>
      </input_file>
      <input_file id="fl-c2">
         <path>C:\ti\ccsv7\tools\compiler\ti-cgt-arm_18.1.1.LTS\lib\</path>
         <kind>archive</kind>
         <file>rtsv7M4_T_le_v4SPD16_eabi.lib</file>
         <name>copy_decompress_lzss.c.obj</name>
      </input_file>
      <input_file id="fl-c3">
         <path>C:\ti\ccsv7\tools\compiler\ti-cgt-arm_18.1.1.LTS\lib\</path>
         <kind>archive</kind>
         <file>rtsv7M4_T_le_v4SPD16_eabi.lib</file>
         <name>boot_cortex_m.c.obj</name>
      </input_file>
      <input_file id="fl-c4">
         <path>C:\ti\ccsv7\tools\compiler\ti-cgt-arm_18.1.1.LTS\lib\</path>
         <kind>archive</kind>
         <file>rtsv7M4_T_le_v4SPD16_eabi.lib</file>
         <name>exit.c.obj</name>
      </input_file>
      <input_file id="fl-c5">
         <path>C:\ti\ccsv7\tools\compiler\ti-cgt-arm_18.1.1.LTS\lib\</path>
         <kind>archive</kind>
         <file>rtsv7M4_T_le_v4SPD16_eabi.lib</file>
         <name>_lock.c.obj</name>
      </input_file>
      <input_file id="fl-c6">
         <path>C:\ti\ccsv7\tools\compiler\ti-cgt-arm_18.1.1.LTS\lib\</path>
         <kind>archive</kind>
         <file>rtsv7M4_T_le_v4SPD16_eabi.lib</file>
         <name>args_main.c.obj</name>
      </input_file>
      <input_file id="fl-c7">
         <path>C:\ti\ccsv7\tools\compiler\ti-cgt-arm_18.1.1.LTS\lib\</path>
         <kind>archive</kind>
         <file>rtsv7M4_T_le_v4SPD16_eabi.lib</file>
         <name>memcpy_t2.asm.obj</name>
      </input_file>
      <input_file id="fl-c8">
         <path>C:\ti\ccsv7\tools\compiler\ti-cgt-arm_18.1.1.LTS\lib\</path>
         <kind>archive</kind>
         <file>rtsv7M4_T_le_v4SPD16_eabi.lib</file>
         <name>memset_t2.asm.obj</name>
      </input_file>
      <input_file id="fl-c9">
         <path>C:\ti\ccsv7\tools\compiler\ti-cgt-arm_18.1.1.LTS\lib\</path>
         <kind>archive</kind>
         <file>rtsv7M4_T_le_v4SPD16_eabi.lib</file>
         <name>autoinit.c.obj</name>
      </input_file>
      <input_file id="fl-ca">
         <path>C:\ti\ccsv7\tools\compiler\ti-cgt-arm_18.1.1.LTS\lib\</path>
         <kind>archive</kind>
         <file>rtsv7M4_T_le_v4SPD16_eabi.lib</file>
         <name>pre_init.c.obj</name>
      </input_file>
      <input_file id="fl-cb">
         <path>C:\ti\ccsv7\tools\compiler\ti-cgt-arm_18.1.1.LTS\lib\</path>
         <kind>archive</kind>
         <file>rtsv7M4_T_le_v4SPD16_eabi.lib</file>
         <name>cpy_tbl.c.obj</name>
      </input_file>
      <input_file id="fl-cc">
         <path>C:\Salieri Drivers\lib\</path>
         <kind>archive</kind>
         <file>Salieri Drivers.lib</file>
         <name>ADC_Driver.obj</name>
      </input_file>
      <input_file id="fl-cd">
         <path>C:\Salieri Drivers\lib\</path>
         <kind>archive</kind>
         <file>Salieri Drivers.lib</file>
         <name>GPIO_Driver.obj</name>
      </input_file>
      <input_file id="fl-ce">
         <path>C:\Salieri Drivers\lib\</path>
         <kind>archive</kind>
         <file>Salieri Drivers.lib</file>
         <name>PWM_Driver.obj</name>
      </input_file>
      <input_file id="fl-cf">
         <path>C:\Salieri Drivers\lib\</path>
         <kind>archive</kind>
         <file>Salieri Drivers.lib</file>
         <name>Timer32_Driver.obj</name>
      </input_file>
      <input_file id="fl-d0">
         <path>C:\Salieri Drivers\lib\</path>
         <kind>archive</kind>
         <file>Salieri Drivers.lib</file>
         <name>UART_Driver.obj</name>
      </input_file>
   </input_file_list>
   <object_component_list>
      <object_component id="oc-23">
         <name>.intvecs:retain</name>
         <load_address>0x0</load_address>
         <run_address>0x0</run_address>
         <size>0xe4</size>
         <input_file_ref idref="fl-3"/>
      </object_component>
      <object_component id="oc-6a">
         <name>.text</name>
         <load_address>0xe4</load_address>
         <run_address>0xe4</run_address>
         <size>0x6f4</size>
         <input_file_ref idref="fl-d0"/>
      </object_component>
      <object_component id="oc-7c">
         <name>.text</name>
         <load_address>0x7d8</load_address>
         <run_address>0x7d8</run_address>
         <size>0x3d0</size>
         <input_file_ref idref="fl-cd"/>
      </object_component>
      <object_component id="oc-ba">
         <name>.text</name>
         <load_address>0xba8</load_address>
         <run_address>0xba8</run_address>
         <size>0x334</size>
         <input_file_ref idref="fl-4"/>
      </object_component>
      <object_component id="oc-70">
         <name>.text</name>
         <load_address>0xedc</load_address>
         <run_address>0xedc</run_address>
         <size>0x1d8</size>
         <input_file_ref idref="fl-cc"/>
      </object_component>
      <object_component id="oc-10f">
         <name>.text</name>
         <load_address>0x10b4</load_address>
         <run_address>0x10b4</run_address>
         <size>0x130</size>
         <input_file_ref idref="fl-ce"/>
      </object_component>
      <object_component id="oc-76">
         <name>.text</name>
         <load_address>0x11e4</load_address>
         <run_address>0x11e4</run_address>
         <size>0x9c</size>
         <input_file_ref idref="fl-cf"/>
      </object_component>
      <object_component id="oc-34">
         <name>.text</name>
         <load_address>0x1280</load_address>
         <run_address>0x1280</run_address>
         <size>0x9c</size>
         <input_file_ref idref="fl-c7"/>
      </object_component>
      <object_component id="oc-9c">
         <name>.text</name>
         <load_address>0x131c</load_address>
         <run_address>0x131c</run_address>
         <size>0x7a</size>
         <input_file_ref idref="fl-c8"/>
      </object_component>
      <object_component id="oc-14">
         <name>.text:decompress:lzss:__TI_decompress_lzss</name>
         <load_address>0x1396</load_address>
         <run_address>0x1396</run_address>
         <size>0x68</size>
         <input_file_ref idref="fl-c2"/>
      </object_component>
      <object_component id="oc-122">
         <name>.text:__TI_auto_init_nobinit_nopinit:__TI_auto_init_nobinit_nopinit</name>
         <load_address>0x1400</load_address>
         <run_address>0x1400</run_address>
         <size>0x44</size>
         <input_file_ref idref="fl-c9"/>
      </object_component>
      <object_component id="oc-a8">
         <name>.text</name>
         <load_address>0x1444</load_address>
         <run_address>0x1444</run_address>
         <size>0x3c</size>
         <input_file_ref idref="fl-2"/>
      </object_component>
      <object_component id="oc-52">
         <name>.text:_c_int00_noargs:_c_int00_noargs</name>
         <load_address>0x1480</load_address>
         <run_address>0x1480</run_address>
         <size>0x38</size>
         <input_file_ref idref="fl-c3"/>
      </object_component>
      <object_component id="oc-1a">
         <name>.text:decompress:none:__TI_decompress_none</name>
         <load_address>0x14b8</load_address>
         <run_address>0x14b8</run_address>
         <size>0xe</size>
         <input_file_ref idref="fl-c1"/>
      </object_component>
      <object_component id="oc-64">
         <name>.text</name>
         <load_address>0x14c6</load_address>
         <run_address>0x14c6</run_address>
         <size>0xe</size>
         <input_file_ref idref="fl-3"/>
      </object_component>
      <object_component id="oc-46">
         <name>.text:decompress:ZI:__TI_zero_init</name>
         <load_address>0x14d4</load_address>
         <run_address>0x14d4</run_address>
         <size>0xc</size>
         <input_file_ref idref="fl-c0"/>
      </object_component>
      <object_component id="oc-a2">
         <name>.text:_system_pre_init</name>
         <load_address>0x14e0</load_address>
         <run_address>0x14e0</run_address>
         <size>0x4</size>
         <input_file_ref idref="fl-ca"/>
      </object_component>
      <object_component id="oc-116">
         <name>.text:abort:abort</name>
         <load_address>0x14e4</load_address>
         <run_address>0x14e4</run_address>
         <size>0x4</size>
         <input_file_ref idref="fl-c4"/>
      </object_component>
      <object_component id="oc-23e">
         <name>.cinit..data.load</name>
         <load_address>0x14e8</load_address>
         <run_address>0x14e8</run_address>
         <size>0x7c</size>
      </object_component>
      <object_component id="oc-23c">
         <name>__TI_handler_table</name>
         <load_address>0x1564</load_address>
         <run_address>0x1564</run_address>
         <size>0xc</size>
      </object_component>
      <object_component id="oc-23f">
         <name>.cinit..bss.load</name>
         <load_address>0x1570</load_address>
         <run_address>0x1570</run_address>
         <size>0x8</size>
      </object_component>
      <object_component id="oc-23d">
         <name>__TI_cinit_table</name>
         <load_address>0x1578</load_address>
         <run_address>0x1578</run_address>
         <size>0x10</size>
      </object_component>
      <object_component id="oc-211">
         <name>.binit</name>
         <load_address>0x0</load_address>
         <run_address>0x0</run_address>
         <size>0x0</size>
      </object_component>
      <object_component id="oc-154">
         <name>.data</name>
         <load_address>0x200007f4</load_address>
         <run_address>0x200007f4</run_address>
         <size>0x4</size>
         <input_file_ref idref="fl-4"/>
      </object_component>
      <object_component id="oc-dd">
         <name>.data:ADC_MapPin</name>
         <load_address>0x20000790</load_address>
         <run_address>0x20000790</run_address>
         <size>0x10</size>
         <input_file_ref idref="fl-cc"/>
      </object_component>
      <object_component id="oc-e6">
         <name>.data:ADC_MapInput</name>
         <load_address>0x20000760</load_address>
         <run_address>0x20000760</run_address>
         <size>0x10</size>
         <input_file_ref idref="fl-cc"/>
      </object_component>
      <object_component id="oc-e3">
         <name>.data:ADC_MapMemory</name>
         <load_address>0x20000780</load_address>
         <run_address>0x20000780</run_address>
         <size>0x10</size>
         <input_file_ref idref="fl-cc"/>
      </object_component>
      <object_component id="oc-e0">
         <name>.data:ADC_MapInterrupt</name>
         <load_address>0x20000770</load_address>
         <run_address>0x20000770</run_address>
         <size>0x10</size>
         <input_file_ref idref="fl-cc"/>
      </object_component>
      <object_component id="oc-e9">
         <name>.data:ADC_Callbacks</name>
         <load_address>0x20000750</load_address>
         <run_address>0x20000750</run_address>
         <size>0x10</size>
         <input_file_ref idref="fl-cc"/>
      </object_component>
      <object_component id="oc-f3">
         <name>.data:GPIO_PortCallbacks</name>
         <load_address>0x20000400</load_address>
         <run_address>0x20000400</run_address>
         <size>0x180</size>
         <input_file_ref idref="fl-cd"/>
      </object_component>
      <object_component id="oc-194">
         <name>.data:pwmConfigs</name>
         <load_address>0x20000580</load_address>
         <run_address>0x20000580</run_address>
         <size>0xc0</size>
         <input_file_ref idref="fl-ce"/>
      </object_component>
      <object_component id="oc-19d">
         <name>.data:PWM_MapPin</name>
         <load_address>0x200006f0</load_address>
         <run_address>0x200006f0</run_address>
         <size>0x20</size>
         <input_file_ref idref="fl-ce"/>
      </object_component>
      <object_component id="oc-19a">
         <name>.data:PWM_MapPort</name>
         <load_address>0x20000710</load_address>
         <run_address>0x20000710</run_address>
         <size>0x20</size>
         <input_file_ref idref="fl-ce"/>
      </object_component>
      <object_component id="oc-1a0">
         <name>.data:PWM_MapTimer</name>
         <load_address>0x20000730</load_address>
         <run_address>0x20000730</run_address>
         <size>0x20</size>
         <input_file_ref idref="fl-ce"/>
      </object_component>
      <object_component id="oc-197">
         <name>.data:PWM_MapCaptureCompareRegister</name>
         <load_address>0x200006d0</load_address>
         <run_address>0x200006d0</run_address>
         <size>0x20</size>
         <input_file_ref idref="fl-ce"/>
      </object_component>
      <object_component id="oc-ee">
         <name>.data</name>
         <load_address>0x200007f0</load_address>
         <run_address>0x200007f0</run_address>
         <size>0x4</size>
         <input_file_ref idref="fl-cf"/>
      </object_component>
      <object_component id="oc-c4">
         <name>.data:UART_Callbacks</name>
         <load_address>0x200007a0</load_address>
         <run_address>0x200007a0</run_address>
         <size>0x10</size>
         <input_file_ref idref="fl-d0"/>
      </object_component>
      <object_component id="oc-d3">
         <name>.data:UART_RXWriteIndex</name>
         <load_address>0x200007c0</load_address>
         <run_address>0x200007c0</run_address>
         <size>0x10</size>
         <input_file_ref idref="fl-d0"/>
      </object_component>
      <object_component id="oc-d0">
         <name>.data:UART_RXReadIndex</name>
         <load_address>0x200007b0</load_address>
         <run_address>0x200007b0</run_address>
         <size>0x10</size>
         <input_file_ref idref="fl-d0"/>
      </object_component>
      <object_component id="oc-c7">
         <name>.data:UART_TXWriteIndex</name>
         <load_address>0x200007e0</load_address>
         <run_address>0x200007e0</run_address>
         <size>0x10</size>
         <input_file_ref idref="fl-d0"/>
      </object_component>
      <object_component id="oc-ca">
         <name>.data:UART_TXReadIndex</name>
         <load_address>0x200007d0</load_address>
         <run_address>0x200007d0</run_address>
         <size>0x10</size>
         <input_file_ref idref="fl-d0"/>
      </object_component>
      <object_component id="oc-c1">
         <name>.data:UARTConfigs</name>
         <load_address>0x20000640</load_address>
         <run_address>0x20000640</run_address>
         <size>0x90</size>
         <input_file_ref idref="fl-d0"/>
      </object_component>
      <object_component id="oc-d6">
         <name>.common:UART_RXBuffer</name>
         <uninitialized>true</uninitialized>
         <run_address>0x20000000</run_address>
         <size>0x200</size>
      </object_component>
      <object_component id="oc-cd">
         <name>.common:UART_TXBuffer</name>
         <uninitialized>true</uninitialized>
         <run_address>0x20000200</run_address>
         <size>0x200</size>
      </object_component>
      <object_component id="oc-26">
         <name>.stack</name>
         <uninitialized>true</uninitialized>
         <run_address>0x2000fe00</run_address>
         <size>0x4</size>
         <input_file_ref idref="fl-c3"/>
      </object_component>
      <object_component id="oc-240">
         <name>.stack</name>
         <uninitialized>true</uninitialized>
         <run_address>0x2000fe00</run_address>
         <size>0x0</size>
      </object_component>
      <object_component id="oc-193">
         <name>.debug_info</name>
         <load_address>0x0</load_address>
         <run_address>0x0</run_address>
         <size>0x5f7</size>
         <input_file_ref idref="fl-2"/>
      </object_component>
      <object_component id="oc-aa">
         <name>.debug_info</name>
         <load_address>0x5f7</load_address>
         <run_address>0x5f7</run_address>
         <size>0x179</size>
         <input_file_ref idref="fl-2"/>
      </object_component>
      <object_component id="oc-fa">
         <name>.debug_info</name>
         <load_address>0x770</load_address>
         <run_address>0x770</run_address>
         <size>0x26b</size>
         <input_file_ref idref="fl-2"/>
      </object_component>
      <object_component id="oc-167">
         <name>.debug_info</name>
         <load_address>0x9db</load_address>
         <run_address>0x9db</run_address>
         <size>0x1055</size>
         <input_file_ref idref="fl-2"/>
      </object_component>
      <object_component id="oc-162">
         <name>.debug_info</name>
         <load_address>0x1a30</load_address>
         <run_address>0x1a30</run_address>
         <size>0x37e2</size>
         <input_file_ref idref="fl-2"/>
      </object_component>
      <object_component id="oc-1fb">
         <name>.debug_info</name>
         <load_address>0x5212</load_address>
         <run_address>0x5212</run_address>
         <size>0x341</size>
         <input_file_ref idref="fl-2"/>
      </object_component>
      <object_component id="oc-2f">
         <name>.debug_info</name>
         <load_address>0x5553</load_address>
         <run_address>0x5553</run_address>
         <size>0x84</size>
         <input_file_ref idref="fl-2"/>
      </object_component>
      <object_component id="oc-17a">
         <name>.debug_info</name>
         <load_address>0x55d7</load_address>
         <run_address>0x55d7</run_address>
         <size>0x297</size>
         <input_file_ref idref="fl-2"/>
      </object_component>
      <object_component id="oc-1c6">
         <name>.debug_info</name>
         <load_address>0x586e</load_address>
         <run_address>0x586e</run_address>
         <size>0xef</size>
         <input_file_ref idref="fl-2"/>
      </object_component>
      <object_component id="oc-d8">
         <name>.debug_info</name>
         <load_address>0x595d</load_address>
         <run_address>0x595d</run_address>
         <size>0xbb</size>
         <input_file_ref idref="fl-2"/>
      </object_component>
      <object_component id="oc-171">
         <name>.debug_info</name>
         <load_address>0x5a18</load_address>
         <run_address>0x5a18</run_address>
         <size>0xee</size>
         <input_file_ref idref="fl-2"/>
      </object_component>
      <object_component id="oc-84">
         <name>.debug_info</name>
         <load_address>0x5b06</load_address>
         <run_address>0x5b06</run_address>
         <size>0x2d6</size>
         <input_file_ref idref="fl-3"/>
      </object_component>
      <object_component id="oc-24">
         <name>.debug_info</name>
         <load_address>0x5ddc</load_address>
         <run_address>0x5ddc</run_address>
         <size>0x102</size>
         <input_file_ref idref="fl-3"/>
      </object_component>
      <object_component id="oc-66">
         <name>.debug_info</name>
         <load_address>0x5ede</load_address>
         <run_address>0x5ede</run_address>
         <size>0x1c9</size>
         <input_file_ref idref="fl-3"/>
      </object_component>
      <object_component id="oc-155">
         <name>.debug_info</name>
         <load_address>0x60a7</load_address>
         <run_address>0x60a7</run_address>
         <size>0xfb</size>
         <input_file_ref idref="fl-4"/>
      </object_component>
      <object_component id="oc-bb">
         <name>.debug_info</name>
         <load_address>0x61a2</load_address>
         <run_address>0x61a2</run_address>
         <size>0x26d</size>
         <input_file_ref idref="fl-4"/>
      </object_component>
      <object_component id="oc-9b">
         <name>.debug_info</name>
         <load_address>0x640f</load_address>
         <run_address>0x640f</run_address>
         <size>0x313</size>
         <input_file_ref idref="fl-c0"/>
      </object_component>
      <object_component id="oc-49">
         <name>.debug_info</name>
         <load_address>0x6722</load_address>
         <run_address>0x6722</run_address>
         <size>0x1aa</size>
         <input_file_ref idref="fl-c0"/>
      </object_component>
      <object_component id="oc-96">
         <name>.debug_info</name>
         <load_address>0x68cc</load_address>
         <run_address>0x68cc</run_address>
         <size>0x46</size>
         <input_file_ref idref="fl-c0"/>
      </object_component>
      <object_component id="oc-106">
         <name>.debug_info</name>
         <load_address>0x6912</load_address>
         <run_address>0x6912</run_address>
         <size>0x2c</size>
         <input_file_ref idref="fl-c0"/>
      </object_component>
      <object_component id="oc-3f">
         <name>.debug_info</name>
         <load_address>0x693e</load_address>
         <run_address>0x693e</run_address>
         <size>0x29d</size>
         <input_file_ref idref="fl-c1"/>
      </object_component>
      <object_component id="oc-1d">
         <name>.debug_info</name>
         <load_address>0x6bdb</load_address>
         <run_address>0x6bdb</run_address>
         <size>0x1df</size>
         <input_file_ref idref="fl-c1"/>
      </object_component>
      <object_component id="oc-3a">
         <name>.debug_info</name>
         <load_address>0x6dba</load_address>
         <run_address>0x6dba</run_address>
         <size>0x46</size>
         <input_file_ref idref="fl-c1"/>
      </object_component>
      <object_component id="oc-8e">
         <name>.debug_info</name>
         <load_address>0x6e00</load_address>
         <run_address>0x6e00</run_address>
         <size>0x2c</size>
         <input_file_ref idref="fl-c1"/>
      </object_component>
      <object_component id="oc-8c">
         <name>.debug_info</name>
         <load_address>0x6e2c</load_address>
         <run_address>0x6e2c</run_address>
         <size>0x293</size>
         <input_file_ref idref="fl-c2"/>
      </object_component>
      <object_component id="oc-16">
         <name>.debug_info</name>
         <load_address>0x70bf</load_address>
         <run_address>0x70bf</run_address>
         <size>0x245</size>
         <input_file_ref idref="fl-c2"/>
      </object_component>
      <object_component id="oc-2a">
         <name>.debug_info</name>
         <load_address>0x7304</load_address>
         <run_address>0x7304</run_address>
         <size>0x60</size>
         <input_file_ref idref="fl-c2"/>
      </object_component>
      <object_component id="oc-ff">
         <name>.debug_info</name>
         <load_address>0x7364</load_address>
         <run_address>0x7364</run_address>
         <size>0x46</size>
         <input_file_ref idref="fl-c2"/>
      </object_component>
      <object_component id="oc-87">
         <name>.debug_info</name>
         <load_address>0x73aa</load_address>
         <run_address>0x73aa</run_address>
         <size>0x39</size>
         <input_file_ref idref="fl-c2"/>
      </object_component>
      <object_component id="oc-27">
         <name>.debug_info</name>
         <load_address>0x73e3</load_address>
         <run_address>0x73e3</run_address>
         <size>0x100</size>
         <input_file_ref idref="fl-c3"/>
      </object_component>
      <object_component id="oc-53">
         <name>.debug_info</name>
         <load_address>0x74e3</load_address>
         <run_address>0x74e3</run_address>
         <size>0x1a4</size>
         <input_file_ref idref="fl-c3"/>
      </object_component>
      <object_component id="oc-117">
         <name>.debug_info</name>
         <load_address>0x7687</load_address>
         <run_address>0x7687</run_address>
         <size>0x117</size>
         <input_file_ref idref="fl-c4"/>
      </object_component>
      <object_component id="oc-35">
         <name>.debug_info</name>
         <load_address>0x779e</load_address>
         <run_address>0x779e</run_address>
         <size>0x111</size>
         <input_file_ref idref="fl-c7"/>
      </object_component>
      <object_component id="oc-9f">
         <name>.debug_info</name>
         <load_address>0x78af</load_address>
         <run_address>0x78af</run_address>
         <size>0x13f</size>
         <input_file_ref idref="fl-c8"/>
      </object_component>
      <object_component id="oc-1af">
         <name>.debug_info</name>
         <load_address>0x79ee</load_address>
         <run_address>0x79ee</run_address>
         <size>0x547</size>
         <input_file_ref idref="fl-c9"/>
      </object_component>
      <object_component id="oc-123">
         <name>.debug_info</name>
         <load_address>0x7f35</load_address>
         <run_address>0x7f35</run_address>
         <size>0x19b</size>
         <input_file_ref idref="fl-c9"/>
      </object_component>
      <object_component id="oc-1e8">
         <name>.debug_info</name>
         <load_address>0x80d0</load_address>
         <run_address>0x80d0</run_address>
         <size>0x39</size>
         <input_file_ref idref="fl-c9"/>
      </object_component>
      <object_component id="oc-203">
         <name>.debug_info</name>
         <load_address>0x8109</load_address>
         <run_address>0x8109</run_address>
         <size>0x39</size>
         <input_file_ref idref="fl-c9"/>
      </object_component>
      <object_component id="oc-1ed">
         <name>.debug_info</name>
         <load_address>0x8142</load_address>
         <run_address>0x8142</run_address>
         <size>0x39</size>
         <input_file_ref idref="fl-c9"/>
      </object_component>
      <object_component id="oc-1f2">
         <name>.debug_info</name>
         <load_address>0x817b</load_address>
         <run_address>0x817b</run_address>
         <size>0xcd</size>
         <input_file_ref idref="fl-c9"/>
      </object_component>
      <object_component id="oc-a4">
         <name>.debug_info</name>
         <load_address>0x8248</load_address>
         <run_address>0x8248</run_address>
         <size>0x148</size>
         <input_file_ref idref="fl-ca"/>
      </object_component>
      <object_component id="oc-ed">
         <name>.debug_info</name>
         <load_address>0x8390</load_address>
         <run_address>0x8390</run_address>
         <size>0x560</size>
         <input_file_ref idref="fl-cc"/>
      </object_component>
      <object_component id="oc-de">
         <name>.debug_info</name>
         <load_address>0x88f0</load_address>
         <run_address>0x88f0</run_address>
         <size>0xe2</size>
         <input_file_ref idref="fl-cc"/>
      </object_component>
      <object_component id="oc-e7">
         <name>.debug_info</name>
         <load_address>0x89d2</load_address>
         <run_address>0x89d2</run_address>
         <size>0xe6</size>
         <input_file_ref idref="fl-cc"/>
      </object_component>
      <object_component id="oc-e4">
         <name>.debug_info</name>
         <load_address>0x8ab8</load_address>
         <run_address>0x8ab8</run_address>
         <size>0xe8</size>
         <input_file_ref idref="fl-cc"/>
      </object_component>
      <object_component id="oc-e1">
         <name>.debug_info</name>
         <load_address>0x8ba0</load_address>
         <run_address>0x8ba0</run_address>
         <size>0xee</size>
         <input_file_ref idref="fl-cc"/>
      </object_component>
      <object_component id="oc-ea">
         <name>.debug_info</name>
         <load_address>0x8c8e</load_address>
         <run_address>0x8c8e</run_address>
         <size>0xe8</size>
         <input_file_ref idref="fl-cc"/>
      </object_component>
      <object_component id="oc-74">
         <name>.debug_info</name>
         <load_address>0x8d76</load_address>
         <run_address>0x8d76</run_address>
         <size>0x358</size>
         <input_file_ref idref="fl-cc"/>
      </object_component>
      <object_component id="oc-16c">
         <name>.debug_info</name>
         <load_address>0x90ce</load_address>
         <run_address>0x90ce</run_address>
         <size>0x8b</size>
         <input_file_ref idref="fl-cc"/>
      </object_component>
      <object_component id="oc-f7">
         <name>.debug_info</name>
         <load_address>0x9159</load_address>
         <run_address>0x9159</run_address>
         <size>0x568</size>
         <input_file_ref idref="fl-cd"/>
      </object_component>
      <object_component id="oc-f4">
         <name>.debug_info</name>
         <load_address>0x96c1</load_address>
         <run_address>0x96c1</run_address>
         <size>0xf3</size>
         <input_file_ref idref="fl-cd"/>
      </object_component>
      <object_component id="oc-7d">
         <name>.debug_info</name>
         <load_address>0x97b4</load_address>
         <run_address>0x97b4</run_address>
         <size>0x9aa</size>
         <input_file_ref idref="fl-cd"/>
      </object_component>
      <object_component id="oc-1cf">
         <name>.debug_info</name>
         <load_address>0xa15e</load_address>
         <run_address>0xa15e</run_address>
         <size>0x54e</size>
         <input_file_ref idref="fl-ce"/>
      </object_component>
      <object_component id="oc-195">
         <name>.debug_info</name>
         <load_address>0xa6ac</load_address>
         <run_address>0xa6ac</run_address>
         <size>0xe2</size>
         <input_file_ref idref="fl-ce"/>
      </object_component>
      <object_component id="oc-19e">
         <name>.debug_info</name>
         <load_address>0xa78e</load_address>
         <run_address>0xa78e</run_address>
         <size>0xe2</size>
         <input_file_ref idref="fl-ce"/>
      </object_component>
      <object_component id="oc-19b">
         <name>.debug_info</name>
         <load_address>0xa870</load_address>
         <run_address>0xa870</run_address>
         <size>0xe4</size>
         <input_file_ref idref="fl-ce"/>
      </object_component>
      <object_component id="oc-1a1">
         <name>.debug_info</name>
         <load_address>0xa954</load_address>
         <run_address>0xa954</run_address>
         <size>0xe6</size>
         <input_file_ref idref="fl-ce"/>
      </object_component>
      <object_component id="oc-198">
         <name>.debug_info</name>
         <load_address>0xaa3a</load_address>
         <run_address>0xaa3a</run_address>
         <size>0x108</size>
         <input_file_ref idref="fl-ce"/>
      </object_component>
      <object_component id="oc-113">
         <name>.debug_info</name>
         <load_address>0xab42</load_address>
         <run_address>0xab42</run_address>
         <size>0x2a5</size>
         <input_file_ref idref="fl-ce"/>
      </object_component>
      <object_component id="oc-f2">
         <name>.debug_info</name>
         <load_address>0xade7</load_address>
         <run_address>0xade7</run_address>
         <size>0x54c</size>
         <input_file_ref idref="fl-cf"/>
      </object_component>
      <object_component id="oc-ef">
         <name>.debug_info</name>
         <load_address>0xb333</load_address>
         <run_address>0xb333</run_address>
         <size>0xf0</size>
         <input_file_ref idref="fl-cf"/>
      </object_component>
      <object_component id="oc-77">
         <name>.debug_info</name>
         <load_address>0xb423</load_address>
         <run_address>0xb423</run_address>
         <size>0x354</size>
         <input_file_ref idref="fl-cf"/>
      </object_component>
      <object_component id="oc-ce">
         <name>.debug_info</name>
         <load_address>0xb777</load_address>
         <run_address>0xb777</run_address>
         <size>0x5f0</size>
         <input_file_ref idref="fl-d0"/>
      </object_component>
      <object_component id="oc-c5">
         <name>.debug_info</name>
         <load_address>0xbd67</load_address>
         <run_address>0xbd67</run_address>
         <size>0xeb</size>
         <input_file_ref idref="fl-d0"/>
      </object_component>
      <object_component id="oc-d4">
         <name>.debug_info</name>
         <load_address>0xbe52</load_address>
         <run_address>0xbe52</run_address>
         <size>0xf1</size>
         <input_file_ref idref="fl-d0"/>
      </object_component>
      <object_component id="oc-d1">
         <name>.debug_info</name>
         <load_address>0xbf43</load_address>
         <run_address>0xbf43</run_address>
         <size>0xef</size>
         <input_file_ref idref="fl-d0"/>
      </object_component>
      <object_component id="oc-c8">
         <name>.debug_info</name>
         <load_address>0xc032</load_address>
         <run_address>0xc032</run_address>
         <size>0xf1</size>
         <input_file_ref idref="fl-d0"/>
      </object_component>
      <object_component id="oc-cb">
         <name>.debug_info</name>
         <load_address>0xc123</load_address>
         <run_address>0xc123</run_address>
         <size>0xef</size>
         <input_file_ref idref="fl-d0"/>
      </object_component>
      <object_component id="oc-c2">
         <name>.debug_info</name>
         <load_address>0xc212</load_address>
         <run_address>0xc212</run_address>
         <size>0xe5</size>
         <input_file_ref idref="fl-d0"/>
      </object_component>
      <object_component id="oc-6c">
         <name>.debug_info</name>
         <load_address>0xc2f7</load_address>
         <run_address>0xc2f7</run_address>
         <size>0xba7</size>
         <input_file_ref idref="fl-d0"/>
      </object_component>
      <object_component id="oc-241">
         <name>.debug_info</name>
         <load_address>0xce9e</load_address>
         <run_address>0xce9e</run_address>
         <size>0xb1</size>
      </object_component>
      <object_component id="oc-1cc">
         <name>.debug_line</name>
         <load_address>0x0</load_address>
         <run_address>0x0</run_address>
         <size>0xe9</size>
         <input_file_ref idref="fl-2"/>
      </object_component>
      <object_component id="oc-a9">
         <name>.debug_line</name>
         <load_address>0xe9</load_address>
         <run_address>0xe9</run_address>
         <size>0x49</size>
         <input_file_ref idref="fl-2"/>
      </object_component>
      <object_component id="oc-fd">
         <name>.debug_line</name>
         <load_address>0x132</load_address>
         <run_address>0x132</run_address>
         <size>0x69</size>
         <input_file_ref idref="fl-2"/>
      </object_component>
      <object_component id="oc-16a">
         <name>.debug_line</name>
         <load_address>0x19b</load_address>
         <run_address>0x19b</run_address>
         <size>0x55</size>
         <input_file_ref idref="fl-2"/>
      </object_component>
      <object_component id="oc-165">
         <name>.debug_line</name>
         <load_address>0x1f0</load_address>
         <run_address>0x1f0</run_address>
         <size>0x7b</size>
         <input_file_ref idref="fl-2"/>
      </object_component>
      <object_component id="oc-1fe">
         <name>.debug_line</name>
         <load_address>0x26b</load_address>
         <run_address>0x26b</run_address>
         <size>0x7d</size>
         <input_file_ref idref="fl-2"/>
      </object_component>
      <object_component id="oc-32">
         <name>.debug_line</name>
         <load_address>0x2e8</load_address>
         <run_address>0x2e8</run_address>
         <size>0x20</size>
         <input_file_ref idref="fl-2"/>
      </object_component>
      <object_component id="oc-17d">
         <name>.debug_line</name>
         <load_address>0x308</load_address>
         <run_address>0x308</run_address>
         <size>0x6d</size>
         <input_file_ref idref="fl-2"/>
      </object_component>
      <object_component id="oc-1c9">
         <name>.debug_line</name>
         <load_address>0x375</load_address>
         <run_address>0x375</run_address>
         <size>0x69</size>
         <input_file_ref idref="fl-2"/>
      </object_component>
      <object_component id="oc-db">
         <name>.debug_line</name>
         <load_address>0x3de</load_address>
         <run_address>0x3de</run_address>
         <size>0x6a</size>
         <input_file_ref idref="fl-2"/>
      </object_component>
      <object_component id="oc-174">
         <name>.debug_line</name>
         <load_address>0x448</load_address>
         <run_address>0x448</run_address>
         <size>0x7a</size>
         <input_file_ref idref="fl-2"/>
      </object_component>
      <object_component id="oc-f9">
         <name>.debug_line</name>
         <load_address>0x4c2</load_address>
         <run_address>0x4c2</run_address>
         <size>0x40</size>
         <input_file_ref idref="fl-3"/>
      </object_component>
      <object_component id="oc-83">
         <name>.debug_line</name>
         <load_address>0x502</load_address>
         <run_address>0x502</run_address>
         <size>0x40</size>
         <input_file_ref idref="fl-3"/>
      </object_component>
      <object_component id="oc-65">
         <name>.debug_line</name>
         <load_address>0x542</load_address>
         <run_address>0x542</run_address>
         <size>0x71</size>
         <input_file_ref idref="fl-3"/>
      </object_component>
      <object_component id="oc-1c5">
         <name>.debug_line</name>
         <load_address>0x5b3</load_address>
         <run_address>0x5b3</run_address>
         <size>0x3b</size>
         <input_file_ref idref="fl-4"/>
      </object_component>
      <object_component id="oc-be">
         <name>.debug_line</name>
         <load_address>0x5ee</load_address>
         <run_address>0x5ee</run_address>
         <size>0x159</size>
         <input_file_ref idref="fl-4"/>
      </object_component>
      <object_component id="oc-10c">
         <name>.debug_line</name>
         <load_address>0x747</load_address>
         <run_address>0x747</run_address>
         <size>0x9e</size>
         <input_file_ref idref="fl-c0"/>
      </object_component>
      <object_component id="oc-4b">
         <name>.debug_line</name>
         <load_address>0x7e5</load_address>
         <run_address>0x7e5</run_address>
         <size>0x4f</size>
         <input_file_ref idref="fl-c0"/>
      </object_component>
      <object_component id="oc-99">
         <name>.debug_line</name>
         <load_address>0x834</load_address>
         <run_address>0x834</run_address>
         <size>0x34</size>
         <input_file_ref idref="fl-c0"/>
      </object_component>
      <object_component id="oc-109">
         <name>.debug_line</name>
         <load_address>0x868</load_address>
         <run_address>0x868</run_address>
         <size>0x8a</size>
         <input_file_ref idref="fl-c0"/>
      </object_component>
      <object_component id="oc-94">
         <name>.debug_line</name>
         <load_address>0x8f2</load_address>
         <run_address>0x8f2</run_address>
         <size>0x20</size>
         <input_file_ref idref="fl-c1"/>
      </object_component>
      <object_component id="oc-1f">
         <name>.debug_line</name>
         <load_address>0x912</load_address>
         <run_address>0x912</run_address>
         <size>0x55</size>
         <input_file_ref idref="fl-c1"/>
      </object_component>
      <object_component id="oc-3d">
         <name>.debug_line</name>
         <load_address>0x967</load_address>
         <run_address>0x967</run_address>
         <size>0x3a</size>
         <input_file_ref idref="fl-c1"/>
      </object_component>
      <object_component id="oc-91">
         <name>.debug_line</name>
         <load_address>0x9a1</load_address>
         <run_address>0x9a1</run_address>
         <size>0x8a</size>
         <input_file_ref idref="fl-c1"/>
      </object_component>
      <object_component id="oc-105">
         <name>.debug_line</name>
         <load_address>0xa2b</load_address>
         <run_address>0xa2b</run_address>
         <size>0x20</size>
         <input_file_ref idref="fl-c2"/>
      </object_component>
      <object_component id="oc-18">
         <name>.debug_line</name>
         <load_address>0xa4b</load_address>
         <run_address>0xa4b</run_address>
         <size>0xa9</size>
         <input_file_ref idref="fl-c2"/>
      </object_component>
      <object_component id="oc-2d">
         <name>.debug_line</name>
         <load_address>0xaf4</load_address>
         <run_address>0xaf4</run_address>
         <size>0x3a</size>
         <input_file_ref idref="fl-c2"/>
      </object_component>
      <object_component id="oc-102">
         <name>.debug_line</name>
         <load_address>0xb2e</load_address>
         <run_address>0xb2e</run_address>
         <size>0x92</size>
         <input_file_ref idref="fl-c2"/>
      </object_component>
      <object_component id="oc-8a">
         <name>.debug_line</name>
         <load_address>0xbc0</load_address>
         <run_address>0xbc0</run_address>
         <size>0x8e</size>
         <input_file_ref idref="fl-c2"/>
      </object_component>
      <object_component id="oc-86">
         <name>.debug_line</name>
         <load_address>0xc4e</load_address>
         <run_address>0xc4e</run_address>
         <size>0x33</size>
         <input_file_ref idref="fl-c3"/>
      </object_component>
      <object_component id="oc-56">
         <name>.debug_line</name>
         <load_address>0xc81</load_address>
         <run_address>0xc81</run_address>
         <size>0x56</size>
         <input_file_ref idref="fl-c3"/>
      </object_component>
      <object_component id="oc-11a">
         <name>.debug_line</name>
         <load_address>0xcd7</load_address>
         <run_address>0xcd7</run_address>
         <size>0x3c</size>
         <input_file_ref idref="fl-c4"/>
      </object_component>
      <object_component id="oc-38">
         <name>.debug_line</name>
         <load_address>0xd13</load_address>
         <run_address>0xd13</run_address>
         <size>0x88</size>
         <input_file_ref idref="fl-c7"/>
      </object_component>
      <object_component id="oc-9d">
         <name>.debug_line</name>
         <load_address>0xd9b</load_address>
         <run_address>0xd9b</run_address>
         <size>0x79</size>
         <input_file_ref idref="fl-c8"/>
      </object_component>
      <object_component id="oc-1e7">
         <name>.debug_line</name>
         <load_address>0xe14</load_address>
         <run_address>0xe14</run_address>
         <size>0xb7</size>
         <input_file_ref idref="fl-c9"/>
      </object_component>
      <object_component id="oc-127">
         <name>.debug_line</name>
         <load_address>0xecb</load_address>
         <run_address>0xecb</run_address>
         <size>0x6c</size>
         <input_file_ref idref="fl-c9"/>
      </object_component>
      <object_component id="oc-1eb">
         <name>.debug_line</name>
         <load_address>0xf37</load_address>
         <run_address>0xf37</run_address>
         <size>0x2e</size>
         <input_file_ref idref="fl-c9"/>
      </object_component>
      <object_component id="oc-206">
         <name>.debug_line</name>
         <load_address>0xf65</load_address>
         <run_address>0xf65</run_address>
         <size>0x92</size>
         <input_file_ref idref="fl-c9"/>
      </object_component>
      <object_component id="oc-1f0">
         <name>.debug_line</name>
         <load_address>0xff7</load_address>
         <run_address>0xff7</run_address>
         <size>0x8f</size>
         <input_file_ref idref="fl-c9"/>
      </object_component>
      <object_component id="oc-1f5">
         <name>.debug_line</name>
         <load_address>0x1086</load_address>
         <run_address>0x1086</run_address>
         <size>0x8b</size>
         <input_file_ref idref="fl-c9"/>
      </object_component>
      <object_component id="oc-a3">
         <name>.debug_line</name>
         <load_address>0x1111</load_address>
         <run_address>0x1111</run_address>
         <size>0x40</size>
         <input_file_ref idref="fl-ca"/>
      </object_component>
      <object_component id="oc-18a">
         <name>.debug_line</name>
         <load_address>0x1151</load_address>
         <run_address>0x1151</run_address>
         <size>0x20</size>
         <input_file_ref idref="fl-cc"/>
      </object_component>
      <object_component id="oc-180">
         <name>.debug_line</name>
         <load_address>0x1171</load_address>
         <run_address>0x1171</run_address>
         <size>0x33</size>
         <input_file_ref idref="fl-cc"/>
      </object_component>
      <object_component id="oc-186">
         <name>.debug_line</name>
         <load_address>0x11a4</load_address>
         <run_address>0x11a4</run_address>
         <size>0x33</size>
         <input_file_ref idref="fl-cc"/>
      </object_component>
      <object_component id="oc-184">
         <name>.debug_line</name>
         <load_address>0x11d7</load_address>
         <run_address>0x11d7</run_address>
         <size>0x33</size>
         <input_file_ref idref="fl-cc"/>
      </object_component>
      <object_component id="oc-182">
         <name>.debug_line</name>
         <load_address>0x120a</load_address>
         <run_address>0x120a</run_address>
         <size>0x33</size>
         <input_file_ref idref="fl-cc"/>
      </object_component>
      <object_component id="oc-188">
         <name>.debug_line</name>
         <load_address>0x123d</load_address>
         <run_address>0x123d</run_address>
         <size>0x33</size>
         <input_file_ref idref="fl-cc"/>
      </object_component>
      <object_component id="oc-72">
         <name>.debug_line</name>
         <load_address>0x1270</load_address>
         <run_address>0x1270</run_address>
         <size>0xcd</size>
         <input_file_ref idref="fl-cc"/>
      </object_component>
      <object_component id="oc-16f">
         <name>.debug_line</name>
         <load_address>0x133d</load_address>
         <run_address>0x133d</run_address>
         <size>0x20</size>
         <input_file_ref idref="fl-cc"/>
      </object_component>
      <object_component id="oc-192">
         <name>.debug_line</name>
         <load_address>0x135d</load_address>
         <run_address>0x135d</run_address>
         <size>0x20</size>
         <input_file_ref idref="fl-cd"/>
      </object_component>
      <object_component id="oc-190">
         <name>.debug_line</name>
         <load_address>0x137d</load_address>
         <run_address>0x137d</run_address>
         <size>0x34</size>
         <input_file_ref idref="fl-cd"/>
      </object_component>
      <object_component id="oc-80">
         <name>.debug_line</name>
         <load_address>0x13b1</load_address>
         <run_address>0x13b1</run_address>
         <size>0x26a</size>
         <input_file_ref idref="fl-cd"/>
      </object_component>
      <object_component id="oc-1fa">
         <name>.debug_line</name>
         <load_address>0x161b</load_address>
         <run_address>0x161b</run_address>
         <size>0x20</size>
         <input_file_ref idref="fl-ce"/>
      </object_component>
      <object_component id="oc-1ce">
         <name>.debug_line</name>
         <load_address>0x163b</load_address>
         <run_address>0x163b</run_address>
         <size>0x33</size>
         <input_file_ref idref="fl-ce"/>
      </object_component>
      <object_component id="oc-1d5">
         <name>.debug_line</name>
         <load_address>0x166e</load_address>
         <run_address>0x166e</run_address>
         <size>0x33</size>
         <input_file_ref idref="fl-ce"/>
      </object_component>
      <object_component id="oc-1d3">
         <name>.debug_line</name>
         <load_address>0x16a1</load_address>
         <run_address>0x16a1</run_address>
         <size>0x33</size>
         <input_file_ref idref="fl-ce"/>
      </object_component>
      <object_component id="oc-1d7">
         <name>.debug_line</name>
         <load_address>0x16d4</load_address>
         <run_address>0x16d4</run_address>
         <size>0x33</size>
         <input_file_ref idref="fl-ce"/>
      </object_component>
      <object_component id="oc-1d1">
         <name>.debug_line</name>
         <load_address>0x1707</load_address>
         <run_address>0x1707</run_address>
         <size>0x33</size>
         <input_file_ref idref="fl-ce"/>
      </object_component>
      <object_component id="oc-110">
         <name>.debug_line</name>
         <load_address>0x173a</load_address>
         <run_address>0x173a</run_address>
         <size>0x87</size>
         <input_file_ref idref="fl-ce"/>
      </object_component>
      <object_component id="oc-18e">
         <name>.debug_line</name>
         <load_address>0x17c1</load_address>
         <run_address>0x17c1</run_address>
         <size>0x20</size>
         <input_file_ref idref="fl-cf"/>
      </object_component>
      <object_component id="oc-18c">
         <name>.debug_line</name>
         <load_address>0x17e1</load_address>
         <run_address>0x17e1</run_address>
         <size>0x37</size>
         <input_file_ref idref="fl-cf"/>
      </object_component>
      <object_component id="oc-7a">
         <name>.debug_line</name>
         <load_address>0x1818</load_address>
         <run_address>0x1818</run_address>
         <size>0xb5</size>
         <input_file_ref idref="fl-cf"/>
      </object_component>
      <object_component id="oc-161">
         <name>.debug_line</name>
         <load_address>0x18cd</load_address>
         <run_address>0x18cd</run_address>
         <size>0x34</size>
         <input_file_ref idref="fl-d0"/>
      </object_component>
      <object_component id="oc-15b">
         <name>.debug_line</name>
         <load_address>0x1901</load_address>
         <run_address>0x1901</run_address>
         <size>0x34</size>
         <input_file_ref idref="fl-d0"/>
      </object_component>
      <object_component id="oc-179">
         <name>.debug_line</name>
         <load_address>0x1935</load_address>
         <run_address>0x1935</run_address>
         <size>0x34</size>
         <input_file_ref idref="fl-d0"/>
      </object_component>
      <object_component id="oc-177">
         <name>.debug_line</name>
         <load_address>0x1969</load_address>
         <run_address>0x1969</run_address>
         <size>0x34</size>
         <input_file_ref idref="fl-d0"/>
      </object_component>
      <object_component id="oc-15d">
         <name>.debug_line</name>
         <load_address>0x199d</load_address>
         <run_address>0x199d</run_address>
         <size>0x34</size>
         <input_file_ref idref="fl-d0"/>
      </object_component>
      <object_component id="oc-15f">
         <name>.debug_line</name>
         <load_address>0x19d1</load_address>
         <run_address>0x19d1</run_address>
         <size>0x34</size>
         <input_file_ref idref="fl-d0"/>
      </object_component>
      <object_component id="oc-159">
         <name>.debug_line</name>
         <load_address>0x1a05</load_address>
         <run_address>0x1a05</run_address>
         <size>0x34</size>
         <input_file_ref idref="fl-d0"/>
      </object_component>
      <object_component id="oc-6f">
         <name>.debug_line</name>
         <load_address>0x1a39</load_address>
         <run_address>0x1a39</run_address>
         <size>0x2dd</size>
         <input_file_ref idref="fl-d0"/>
      </object_component>
      <object_component id="oc-ad">
         <name>.debug_frame</name>
         <load_address>0x0</load_address>
         <run_address>0x0</run_address>
         <size>0x58</size>
         <input_file_ref idref="fl-2"/>
      </object_component>
      <object_component id="oc-69">
         <name>.debug_frame</name>
         <load_address>0x58</load_address>
         <run_address>0x58</run_address>
         <size>0x6c</size>
         <input_file_ref idref="fl-3"/>
      </object_component>
      <object_component id="oc-bf">
         <name>.debug_frame</name>
         <load_address>0xc4</load_address>
         <run_address>0xc4</run_address>
         <size>0x70</size>
         <input_file_ref idref="fl-4"/>
      </object_component>
      <object_component id="oc-48">
         <name>.debug_frame</name>
         <load_address>0x134</load_address>
         <run_address>0x134</run_address>
         <size>0x54</size>
         <input_file_ref idref="fl-c0"/>
      </object_component>
      <object_component id="oc-1b">
         <name>.debug_frame</name>
         <load_address>0x188</load_address>
         <run_address>0x188</run_address>
         <size>0x54</size>
         <input_file_ref idref="fl-c1"/>
      </object_component>
      <object_component id="oc-19">
         <name>.debug_frame</name>
         <load_address>0x1dc</load_address>
         <run_address>0x1dc</run_address>
         <size>0x60</size>
         <input_file_ref idref="fl-c2"/>
      </object_component>
      <object_component id="oc-57">
         <name>.debug_frame</name>
         <load_address>0x23c</load_address>
         <run_address>0x23c</run_address>
         <size>0x58</size>
         <input_file_ref idref="fl-c3"/>
      </object_component>
      <object_component id="oc-11b">
         <name>.debug_frame</name>
         <load_address>0x294</load_address>
         <run_address>0x294</run_address>
         <size>0x54</size>
         <input_file_ref idref="fl-c4"/>
      </object_component>
      <object_component id="oc-126">
         <name>.debug_frame</name>
         <load_address>0x2e8</load_address>
         <run_address>0x2e8</run_address>
         <size>0x5c</size>
         <input_file_ref idref="fl-c9"/>
      </object_component>
      <object_component id="oc-a7">
         <name>.debug_frame</name>
         <load_address>0x344</load_address>
         <run_address>0x344</run_address>
         <size>0x54</size>
         <input_file_ref idref="fl-ca"/>
      </object_component>
      <object_component id="oc-71">
         <name>.debug_frame</name>
         <load_address>0x398</load_address>
         <run_address>0x398</run_address>
         <size>0xb0</size>
         <input_file_ref idref="fl-cc"/>
      </object_component>
      <object_component id="oc-81">
         <name>.debug_frame</name>
         <load_address>0x448</load_address>
         <run_address>0x448</run_address>
         <size>0x188</size>
         <input_file_ref idref="fl-cd"/>
      </object_component>
      <object_component id="oc-111">
         <name>.debug_frame</name>
         <load_address>0x5d0</load_address>
         <run_address>0x5d0</run_address>
         <size>0xa0</size>
         <input_file_ref idref="fl-ce"/>
      </object_component>
      <object_component id="oc-7b">
         <name>.debug_frame</name>
         <load_address>0x670</load_address>
         <run_address>0x670</run_address>
         <size>0xb8</size>
         <input_file_ref idref="fl-cf"/>
      </object_component>
      <object_component id="oc-6b">
         <name>.debug_frame</name>
         <load_address>0x728</load_address>
         <run_address>0x728</run_address>
         <size>0x1bc</size>
         <input_file_ref idref="fl-d0"/>
      </object_component>
      <object_component id="oc-1cb">
         <name>.debug_abbrev</name>
         <load_address>0x0</load_address>
         <run_address>0x0</run_address>
         <size>0xab</size>
         <input_file_ref idref="fl-2"/>
      </object_component>
      <object_component id="oc-115">
         <name>.debug_abbrev</name>
         <load_address>0xab</load_address>
         <run_address>0xab</run_address>
         <size>0x52</size>
         <input_file_ref idref="fl-2"/>
      </object_component>
      <object_component id="oc-fc">
         <name>.debug_abbrev</name>
         <load_address>0xfd</load_address>
         <run_address>0xfd</run_address>
         <size>0x69</size>
         <input_file_ref idref="fl-2"/>
      </object_component>
      <object_component id="oc-169">
         <name>.debug_abbrev</name>
         <load_address>0x166</load_address>
         <run_address>0x166</run_address>
         <size>0x97</size>
         <input_file_ref idref="fl-2"/>
      </object_component>
      <object_component id="oc-164">
         <name>.debug_abbrev</name>
         <load_address>0x1fd</load_address>
         <run_address>0x1fd</run_address>
         <size>0xbd</size>
         <input_file_ref idref="fl-2"/>
      </object_component>
      <object_component id="oc-1fd">
         <name>.debug_abbrev</name>
         <load_address>0x2ba</load_address>
         <run_address>0x2ba</run_address>
         <size>0x4b</size>
         <input_file_ref idref="fl-2"/>
      </object_component>
      <object_component id="oc-31">
         <name>.debug_abbrev</name>
         <load_address>0x305</load_address>
         <run_address>0x305</run_address>
         <size>0x1f</size>
         <input_file_ref idref="fl-2"/>
      </object_component>
      <object_component id="oc-17c">
         <name>.debug_abbrev</name>
         <load_address>0x324</load_address>
         <run_address>0x324</run_address>
         <size>0x5c</size>
         <input_file_ref idref="fl-2"/>
      </object_component>
      <object_component id="oc-1c8">
         <name>.debug_abbrev</name>
         <load_address>0x380</load_address>
         <run_address>0x380</run_address>
         <size>0x24</size>
         <input_file_ref idref="fl-2"/>
      </object_component>
      <object_component id="oc-da">
         <name>.debug_abbrev</name>
         <load_address>0x3a4</load_address>
         <run_address>0x3a4</run_address>
         <size>0x24</size>
         <input_file_ref idref="fl-2"/>
      </object_component>
      <object_component id="oc-173">
         <name>.debug_abbrev</name>
         <load_address>0x3c8</load_address>
         <run_address>0x3c8</run_address>
         <size>0x4b</size>
         <input_file_ref idref="fl-2"/>
      </object_component>
      <object_component id="oc-f8">
         <name>.debug_abbrev</name>
         <load_address>0x413</load_address>
         <run_address>0x413</run_address>
         <size>0x7c</size>
         <input_file_ref idref="fl-3"/>
      </object_component>
      <object_component id="oc-82">
         <name>.debug_abbrev</name>
         <load_address>0x48f</load_address>
         <run_address>0x48f</run_address>
         <size>0x29</size>
         <input_file_ref idref="fl-3"/>
      </object_component>
      <object_component id="oc-c0">
         <name>.debug_abbrev</name>
         <load_address>0x4b8</load_address>
         <run_address>0x4b8</run_address>
         <size>0x89</size>
         <input_file_ref idref="fl-3"/>
      </object_component>
      <object_component id="oc-1c4">
         <name>.debug_abbrev</name>
         <load_address>0x541</load_address>
         <run_address>0x541</run_address>
         <size>0x29</size>
         <input_file_ref idref="fl-4"/>
      </object_component>
      <object_component id="oc-157">
         <name>.debug_abbrev</name>
         <load_address>0x56a</load_address>
         <run_address>0x56a</run_address>
         <size>0x8b</size>
         <input_file_ref idref="fl-4"/>
      </object_component>
      <object_component id="oc-10b">
         <name>.debug_abbrev</name>
         <load_address>0x5f5</load_address>
         <run_address>0x5f5</run_address>
         <size>0x73</size>
         <input_file_ref idref="fl-c0"/>
      </object_component>
      <object_component id="oc-a1">
         <name>.debug_abbrev</name>
         <load_address>0x668</load_address>
         <run_address>0x668</run_address>
         <size>0x74</size>
         <input_file_ref idref="fl-c0"/>
      </object_component>
      <object_component id="oc-98">
         <name>.debug_abbrev</name>
         <load_address>0x6dc</load_address>
         <run_address>0x6dc</run_address>
         <size>0x24</size>
         <input_file_ref idref="fl-c0"/>
      </object_component>
      <object_component id="oc-108">
         <name>.debug_abbrev</name>
         <load_address>0x700</load_address>
         <run_address>0x700</run_address>
         <size>0x24</size>
         <input_file_ref idref="fl-c0"/>
      </object_component>
      <object_component id="oc-93">
         <name>.debug_abbrev</name>
         <load_address>0x724</load_address>
         <run_address>0x724</run_address>
         <size>0x37</size>
         <input_file_ref idref="fl-c1"/>
      </object_component>
      <object_component id="oc-39">
         <name>.debug_abbrev</name>
         <load_address>0x75b</load_address>
         <run_address>0x75b</run_address>
         <size>0x74</size>
         <input_file_ref idref="fl-c1"/>
      </object_component>
      <object_component id="oc-3c">
         <name>.debug_abbrev</name>
         <load_address>0x7cf</load_address>
         <run_address>0x7cf</run_address>
         <size>0x24</size>
         <input_file_ref idref="fl-c1"/>
      </object_component>
      <object_component id="oc-90">
         <name>.debug_abbrev</name>
         <load_address>0x7f3</load_address>
         <run_address>0x7f3</run_address>
         <size>0x24</size>
         <input_file_ref idref="fl-c1"/>
      </object_component>
      <object_component id="oc-104">
         <name>.debug_abbrev</name>
         <load_address>0x817</load_address>
         <run_address>0x817</run_address>
         <size>0x37</size>
         <input_file_ref idref="fl-c2"/>
      </object_component>
      <object_component id="oc-29">
         <name>.debug_abbrev</name>
         <load_address>0x84e</load_address>
         <run_address>0x84e</run_address>
         <size>0x6f</size>
         <input_file_ref idref="fl-c2"/>
      </object_component>
      <object_component id="oc-2c">
         <name>.debug_abbrev</name>
         <load_address>0x8bd</load_address>
         <run_address>0x8bd</run_address>
         <size>0x24</size>
         <input_file_ref idref="fl-c2"/>
      </object_component>
      <object_component id="oc-101">
         <name>.debug_abbrev</name>
         <load_address>0x8e1</load_address>
         <run_address>0x8e1</run_address>
         <size>0x35</size>
         <input_file_ref idref="fl-c2"/>
      </object_component>
      <object_component id="oc-89">
         <name>.debug_abbrev</name>
         <load_address>0x916</load_address>
         <run_address>0x916</run_address>
         <size>0x24</size>
         <input_file_ref idref="fl-c2"/>
      </object_component>
      <object_component id="oc-85">
         <name>.debug_abbrev</name>
         <load_address>0x93a</load_address>
         <run_address>0x93a</run_address>
         <size>0x29</size>
         <input_file_ref idref="fl-c3"/>
      </object_component>
      <object_component id="oc-b1">
         <name>.debug_abbrev</name>
         <load_address>0x963</load_address>
         <run_address>0x963</run_address>
         <size>0x61</size>
         <input_file_ref idref="fl-c3"/>
      </object_component>
      <object_component id="oc-1a4">
         <name>.debug_abbrev</name>
         <load_address>0x9c4</load_address>
         <run_address>0x9c4</run_address>
         <size>0x45</size>
         <input_file_ref idref="fl-c4"/>
      </object_component>
      <object_component id="oc-8d">
         <name>.debug_abbrev</name>
         <load_address>0xa09</load_address>
         <run_address>0xa09</run_address>
         <size>0x3e</size>
         <input_file_ref idref="fl-c7"/>
      </object_component>
      <object_component id="oc-10d">
         <name>.debug_abbrev</name>
         <load_address>0xa47</load_address>
         <run_address>0xa47</run_address>
         <size>0x4f</size>
         <input_file_ref idref="fl-c8"/>
      </object_component>
      <object_component id="oc-1e6">
         <name>.debug_abbrev</name>
         <load_address>0xa96</load_address>
         <run_address>0xa96</run_address>
         <size>0xdb</size>
         <input_file_ref idref="fl-c9"/>
      </object_component>
      <object_component id="oc-1ae">
         <name>.debug_abbrev</name>
         <load_address>0xb71</load_address>
         <run_address>0xb71</run_address>
         <size>0x7e</size>
         <input_file_ref idref="fl-c9"/>
      </object_component>
      <object_component id="oc-1ea">
         <name>.debug_abbrev</name>
         <load_address>0xbef</load_address>
         <run_address>0xbef</run_address>
         <size>0x24</size>
         <input_file_ref idref="fl-c9"/>
      </object_component>
      <object_component id="oc-205">
         <name>.debug_abbrev</name>
         <load_address>0xc13</load_address>
         <run_address>0xc13</run_address>
         <size>0x24</size>
         <input_file_ref idref="fl-c9"/>
      </object_component>
      <object_component id="oc-1ef">
         <name>.debug_abbrev</name>
         <load_address>0xc37</load_address>
         <run_address>0xc37</run_address>
         <size>0x24</size>
         <input_file_ref idref="fl-c9"/>
      </object_component>
      <object_component id="oc-1f4">
         <name>.debug_abbrev</name>
         <load_address>0xc5b</load_address>
         <run_address>0xc5b</run_address>
         <size>0x4b</size>
         <input_file_ref idref="fl-c9"/>
      </object_component>
      <object_component id="oc-10e">
         <name>.debug_abbrev</name>
         <load_address>0xca6</load_address>
         <run_address>0xca6</run_address>
         <size>0x55</size>
         <input_file_ref idref="fl-ca"/>
      </object_component>
      <object_component id="oc-189">
         <name>.debug_abbrev</name>
         <load_address>0xcfb</load_address>
         <run_address>0xcfb</run_address>
         <size>0x8a</size>
         <input_file_ref idref="fl-cc"/>
      </object_component>
      <object_component id="oc-17f">
         <name>.debug_abbrev</name>
         <load_address>0xd85</load_address>
         <run_address>0xd85</run_address>
         <size>0x29</size>
         <input_file_ref idref="fl-cc"/>
      </object_component>
      <object_component id="oc-185">
         <name>.debug_abbrev</name>
         <load_address>0xdae</load_address>
         <run_address>0xdae</run_address>
         <size>0x29</size>
         <input_file_ref idref="fl-cc"/>
      </object_component>
      <object_component id="oc-183">
         <name>.debug_abbrev</name>
         <load_address>0xdd7</load_address>
         <run_address>0xdd7</run_address>
         <size>0x29</size>
         <input_file_ref idref="fl-cc"/>
      </object_component>
      <object_component id="oc-181">
         <name>.debug_abbrev</name>
         <load_address>0xe00</load_address>
         <run_address>0xe00</run_address>
         <size>0x29</size>
         <input_file_ref idref="fl-cc"/>
      </object_component>
      <object_component id="oc-187">
         <name>.debug_abbrev</name>
         <load_address>0xe29</load_address>
         <run_address>0xe29</run_address>
         <size>0x29</size>
         <input_file_ref idref="fl-cc"/>
      </object_component>
      <object_component id="oc-ec">
         <name>.debug_abbrev</name>
         <load_address>0xe52</load_address>
         <run_address>0xe52</run_address>
         <size>0x7b</size>
         <input_file_ref idref="fl-cc"/>
      </object_component>
      <object_component id="oc-16e">
         <name>.debug_abbrev</name>
         <load_address>0xecd</load_address>
         <run_address>0xecd</run_address>
         <size>0x1f</size>
         <input_file_ref idref="fl-cc"/>
      </object_component>
      <object_component id="oc-191">
         <name>.debug_abbrev</name>
         <load_address>0xeec</load_address>
         <run_address>0xeec</run_address>
         <size>0x8e</size>
         <input_file_ref idref="fl-cd"/>
      </object_component>
      <object_component id="oc-18f">
         <name>.debug_abbrev</name>
         <load_address>0xf7a</load_address>
         <run_address>0xf7a</run_address>
         <size>0x29</size>
         <input_file_ref idref="fl-cd"/>
      </object_component>
      <object_component id="oc-f6">
         <name>.debug_abbrev</name>
         <load_address>0xfa3</load_address>
         <run_address>0xfa3</run_address>
         <size>0xb8</size>
         <input_file_ref idref="fl-cd"/>
      </object_component>
      <object_component id="oc-1f9">
         <name>.debug_abbrev</name>
         <load_address>0x105b</load_address>
         <run_address>0x105b</run_address>
         <size>0x7a</size>
         <input_file_ref idref="fl-ce"/>
      </object_component>
      <object_component id="oc-1cd">
         <name>.debug_abbrev</name>
         <load_address>0x10d5</load_address>
         <run_address>0x10d5</run_address>
         <size>0x29</size>
         <input_file_ref idref="fl-ce"/>
      </object_component>
      <object_component id="oc-1d4">
         <name>.debug_abbrev</name>
         <load_address>0x10fe</load_address>
         <run_address>0x10fe</run_address>
         <size>0x29</size>
         <input_file_ref idref="fl-ce"/>
      </object_component>
      <object_component id="oc-1d2">
         <name>.debug_abbrev</name>
         <load_address>0x1127</load_address>
         <run_address>0x1127</run_address>
         <size>0x29</size>
         <input_file_ref idref="fl-ce"/>
      </object_component>
      <object_component id="oc-1d6">
         <name>.debug_abbrev</name>
         <load_address>0x1150</load_address>
         <run_address>0x1150</run_address>
         <size>0x29</size>
         <input_file_ref idref="fl-ce"/>
      </object_component>
      <object_component id="oc-1d0">
         <name>.debug_abbrev</name>
         <load_address>0x1179</load_address>
         <run_address>0x1179</run_address>
         <size>0x29</size>
         <input_file_ref idref="fl-ce"/>
      </object_component>
      <object_component id="oc-1a3">
         <name>.debug_abbrev</name>
         <load_address>0x11a2</load_address>
         <run_address>0x11a2</run_address>
         <size>0x7b</size>
         <input_file_ref idref="fl-ce"/>
      </object_component>
      <object_component id="oc-18d">
         <name>.debug_abbrev</name>
         <load_address>0x121d</load_address>
         <run_address>0x121d</run_address>
         <size>0x81</size>
         <input_file_ref idref="fl-cf"/>
      </object_component>
      <object_component id="oc-18b">
         <name>.debug_abbrev</name>
         <load_address>0x129e</load_address>
         <run_address>0x129e</run_address>
         <size>0x29</size>
         <input_file_ref idref="fl-cf"/>
      </object_component>
      <object_component id="oc-f1">
         <name>.debug_abbrev</name>
         <load_address>0x12c7</load_address>
         <run_address>0x12c7</run_address>
         <size>0x7b</size>
         <input_file_ref idref="fl-cf"/>
      </object_component>
      <object_component id="oc-160">
         <name>.debug_abbrev</name>
         <load_address>0x1342</load_address>
         <run_address>0x1342</run_address>
         <size>0xa0</size>
         <input_file_ref idref="fl-d0"/>
      </object_component>
      <object_component id="oc-15a">
         <name>.debug_abbrev</name>
         <load_address>0x13e2</load_address>
         <run_address>0x13e2</run_address>
         <size>0x29</size>
         <input_file_ref idref="fl-d0"/>
      </object_component>
      <object_component id="oc-178">
         <name>.debug_abbrev</name>
         <load_address>0x140b</load_address>
         <run_address>0x140b</run_address>
         <size>0x29</size>
         <input_file_ref idref="fl-d0"/>
      </object_component>
      <object_component id="oc-176">
         <name>.debug_abbrev</name>
         <load_address>0x1434</load_address>
         <run_address>0x1434</run_address>
         <size>0x29</size>
         <input_file_ref idref="fl-d0"/>
      </object_component>
      <object_component id="oc-15c">
         <name>.debug_abbrev</name>
         <load_address>0x145d</load_address>
         <run_address>0x145d</run_address>
         <size>0x29</size>
         <input_file_ref idref="fl-d0"/>
      </object_component>
      <object_component id="oc-15e">
         <name>.debug_abbrev</name>
         <load_address>0x1486</load_address>
         <run_address>0x1486</run_address>
         <size>0x29</size>
         <input_file_ref idref="fl-d0"/>
      </object_component>
      <object_component id="oc-158">
         <name>.debug_abbrev</name>
         <load_address>0x14af</load_address>
         <run_address>0x14af</run_address>
         <size>0x29</size>
         <input_file_ref idref="fl-d0"/>
      </object_component>
      <object_component id="oc-d7">
         <name>.debug_abbrev</name>
         <load_address>0x14d8</load_address>
         <run_address>0x14d8</run_address>
         <size>0x112</size>
         <input_file_ref idref="fl-d0"/>
      </object_component>
      <object_component id="oc-242">
         <name>.debug_abbrev</name>
         <load_address>0x15ea</load_address>
         <run_address>0x15ea</run_address>
         <size>0xf</size>
      </object_component>
      <object_component id="oc-fe">
         <name>.debug_str</name>
         <load_address>0x0</load_address>
         <run_address>0x0</run_address>
         <size>0x2b9</size>
         <input_file_ref idref="fl-2"/>
      </object_component>
      <object_component id="oc-16b">
         <name>.debug_str</name>
         <load_address>0x2b9</load_address>
         <run_address>0x2b9</run_address>
         <size>0x48e</size>
         <input_file_ref idref="fl-2"/>
      </object_component>
      <object_component id="oc-166">
         <name>.debug_str</name>
         <load_address>0x747</load_address>
         <run_address>0x747</run_address>
         <size>0x15fb</size>
         <input_file_ref idref="fl-2"/>
      </object_component>
      <object_component id="oc-1ff">
         <name>.debug_str</name>
         <load_address>0x1d42</load_address>
         <run_address>0x1d42</run_address>
         <size>0x35d</size>
         <input_file_ref idref="fl-2"/>
      </object_component>
      <object_component id="oc-33">
         <name>.debug_str</name>
         <load_address>0x209f</load_address>
         <run_address>0x209f</run_address>
         <size>0xfa</size>
         <input_file_ref idref="fl-2"/>
      </object_component>
      <object_component id="oc-17e">
         <name>.debug_str</name>
         <load_address>0x2199</load_address>
         <run_address>0x2199</run_address>
         <size>0x348</size>
         <input_file_ref idref="fl-2"/>
      </object_component>
      <object_component id="oc-1ca">
         <name>.debug_str</name>
         <load_address>0x24e1</load_address>
         <run_address>0x24e1</run_address>
         <size>0x1c4</size>
         <input_file_ref idref="fl-2"/>
      </object_component>
      <object_component id="oc-dc">
         <name>.debug_str</name>
         <load_address>0x26a5</load_address>
         <run_address>0x26a5</run_address>
         <size>0x151</size>
         <input_file_ref idref="fl-2"/>
      </object_component>
      <object_component id="oc-175">
         <name>.debug_str</name>
         <load_address>0x27f6</load_address>
         <run_address>0x27f6</run_address>
         <size>0x19a</size>
         <input_file_ref idref="fl-2"/>
      </object_component>
      <object_component id="oc-9a">
         <name>.debug_str</name>
         <load_address>0x2990</load_address>
         <run_address>0x2990</run_address>
         <size>0xfa</size>
         <input_file_ref idref="fl-c0"/>
      </object_component>
      <object_component id="oc-10a">
         <name>.debug_str</name>
         <load_address>0x2a8a</load_address>
         <run_address>0x2a8a</run_address>
         <size>0x12d</size>
         <input_file_ref idref="fl-c0"/>
      </object_component>
      <object_component id="oc-3e">
         <name>.debug_str</name>
         <load_address>0x2bb7</load_address>
         <run_address>0x2bb7</run_address>
         <size>0x100</size>
         <input_file_ref idref="fl-c1"/>
      </object_component>
      <object_component id="oc-92">
         <name>.debug_str</name>
         <load_address>0x2cb7</load_address>
         <run_address>0x2cb7</run_address>
         <size>0x12d</size>
         <input_file_ref idref="fl-c1"/>
      </object_component>
      <object_component id="oc-2e">
         <name>.debug_str</name>
         <load_address>0x2de4</load_address>
         <run_address>0x2de4</run_address>
         <size>0x10d</size>
         <input_file_ref idref="fl-c2"/>
      </object_component>
      <object_component id="oc-103">
         <name>.debug_str</name>
         <load_address>0x2ef1</load_address>
         <run_address>0x2ef1</run_address>
         <size>0x158</size>
         <input_file_ref idref="fl-c2"/>
      </object_component>
      <object_component id="oc-8b">
         <name>.debug_str</name>
         <load_address>0x3049</load_address>
         <run_address>0x3049</run_address>
         <size>0x145</size>
         <input_file_ref idref="fl-c2"/>
      </object_component>
      <object_component id="oc-1ec">
         <name>.debug_str</name>
         <load_address>0x318e</load_address>
         <run_address>0x318e</run_address>
         <size>0xe2</size>
         <input_file_ref idref="fl-c9"/>
      </object_component>
      <object_component id="oc-207">
         <name>.debug_str</name>
         <load_address>0x3270</load_address>
         <run_address>0x3270</run_address>
         <size>0x144</size>
         <input_file_ref idref="fl-c9"/>
      </object_component>
      <object_component id="oc-1f1">
         <name>.debug_str</name>
         <load_address>0x33b4</load_address>
         <run_address>0x33b4</run_address>
         <size>0x13d</size>
         <input_file_ref idref="fl-c9"/>
      </object_component>
      <object_component id="oc-1f6">
         <name>.debug_str</name>
         <load_address>0x34f1</load_address>
         <run_address>0x34f1</run_address>
         <size>0x184</size>
         <input_file_ref idref="fl-c9"/>
      </object_component>
      <object_component id="oc-170">
         <name>.debug_str</name>
         <load_address>0x3675</load_address>
         <run_address>0x3675</run_address>
         <size>0xfa</size>
         <input_file_ref idref="fl-cc"/>
      </object_component>
      <object_component id="oc-ac">
         <name>.debug_aranges</name>
         <load_address>0x0</load_address>
         <run_address>0x0</run_address>
         <size>0x20</size>
         <input_file_ref idref="fl-2"/>
      </object_component>
      <object_component id="oc-68">
         <name>.debug_aranges</name>
         <load_address>0x20</load_address>
         <run_address>0x20</run_address>
         <size>0x28</size>
         <input_file_ref idref="fl-3"/>
      </object_component>
      <object_component id="oc-bc">
         <name>.debug_aranges</name>
         <load_address>0x48</load_address>
[...]
      <symbol id="sm-8">
         <name>__STACK_SIZE</name>
         <value>0x200</value>
      </symbol>
      <symbol id="sm-9">
         <name>__STACK_END</name>
         <value>0x20010000</value>
      </symbol>
      <symbol id="sm-a">
         <name>__c_args__</name>
         <value>0xffffffff</value>
      </symbol>
      <symbol id="sm-b">
         <name>__TI_pprof_out_hndl</name>
         <value>0xffffffff</value>
      </symbol>
      <symbol id="sm-c">
         <name>__TI_prof_data_start</name>
         <value>0xffffffff</value>
      </symbol>
      <symbol id="sm-d">
         <name>__TI_prof_data_size</name>
         <value>0xffffffff</value>
      </symbol>
      <symbol id="sm-64">
         <name>main</name>
         <value>0x1445</value>
         <object_component_ref idref="oc-a8"/>
      </symbol>
      <symbol id="sm-79">
         <name>Reset_Handler</name>
         <value>0x14c7</value>
         <object_component_ref idref="oc-64"/>
      </symbol>
      <symbol id="sm-7a">
         <name>Default_Handler</name>
         <value>0x14d3</value>
         <object_component_ref idref="oc-64"/>
      </symbol>
      <symbol id="sm-7b">
         <name>interruptVectors</name>
         <value>0x0</value>
         <object_component_ref idref="oc-23"/>
      </symbol>
      <symbol id="sm-c3">
         <name>SystemInit</name>
         <value>0xe21</value>
         <object_component_ref idref="oc-ba"/>
      </symbol>
      <symbol id="sm-c4">
         <name>SystemCoreClockUpdate</name>
         <value>0xba9</value>
         <object_component_ref idref="oc-ba"/>
      </symbol>
      <symbol id="sm-c5">
         <name>SystemCoreClock</name>
         <value>0x200007f4</value>
         <object_component_ref idref="oc-154"/>
      </symbol>
      <symbol id="sm-dc">
         <name>__TI_zero_init</name>
         <value>0x14d5</value>
         <object_component_ref idref="oc-46"/>
      </symbol>
      <symbol id="sm-f3">
         <name>__TI_decompress_none</name>
         <value>0x14b9</value>
         <object_component_ref idref="oc-1a"/>
      </symbol>
      <symbol id="sm-116">
         <name>__TI_decompress_lzss</name>
         <value>0x1397</value>
         <object_component_ref idref="oc-14"/>
      </symbol>
      <symbol id="sm-129">
         <name>__stack</name>
         <value>0x2000fe00</value>
         <object_component_ref idref="oc-26"/>
      </symbol>
      <symbol id="sm-12a">
         <name>_c_int00_noargs</name>
         <value>0x1481</value>
         <object_component_ref idref="oc-52"/>
      </symbol>
      <symbol id="sm-135">
         <name>C$$EXIT</name>
         <value>0x14e5</value>
         <object_component_ref idref="oc-116"/>
      </symbol>
      <symbol id="sm-136">
         <name>abort</name>
         <value>0x14e5</value>
         <object_component_ref idref="oc-116"/>
      </symbol>
      <symbol id="sm-153">
         <name>memcpy</name>
         <value>0x1281</value>
         <object_component_ref idref="oc-34"/>
      </symbol>
      <symbol id="sm-154">
         <name>__aeabi_memcpy</name>
         <value>0x1281</value>
         <object_component_ref idref="oc-34"/>
      </symbol>
      <symbol id="sm-155">
         <name>__aeabi_memcpy8</name>
         <value>0x1281</value>
         <object_component_ref idref="oc-34"/>
      </symbol>
      <symbol id="sm-156">
         <name>__aeabi_memcpy4</name>
         <value>0x1281</value>
         <object_component_ref idref="oc-34"/>
      </symbol>
      <symbol id="sm-165">
         <name>__aeabi_memset</name>
         <value>0x131f</value>
         <object_component_ref idref="oc-9c"/>
      </symbol>
      <symbol id="sm-166">
         <name>memset</name>
         <value>0x1325</value>
         <object_component_ref idref="oc-9c"/>
      </symbol>
      <symbol id="sm-167">
         <name>__aeabi_memset8</name>
         <value>0x131f</value>
         <object_component_ref idref="oc-9c"/>
      </symbol>
      <symbol id="sm-168">
         <name>__aeabi_memset4</name>
         <value>0x131f</value>
         <object_component_ref idref="oc-9c"/>
      </symbol>
      <symbol id="sm-169">
         <name>__aeabi_memclr8</name>
         <value>0x131d</value>
         <object_component_ref idref="oc-9c"/>
      </symbol>
      <symbol id="sm-16a">
         <name>__aeabi_memclr4</name>
         <value>0x131d</value>
         <object_component_ref idref="oc-9c"/>
      </symbol>
      <symbol id="sm-16b">
         <name>__aeabi_memclr</name>
         <value>0x131d</value>
         <object_component_ref idref="oc-9c"/>
      </symbol>
      <symbol id="sm-193">
         <name>__TI_auto_init_nobinit_nopinit</name>
         <value>0x1401</value>
         <object_component_ref idref="oc-122"/>
      </symbol>
      <symbol id="sm-19d">
         <name>_system_pre_init</name>
         <value>0x14e1</value>
         <object_component_ref idref="oc-a2"/>
      </symbol>
      <symbol id="sm-1e5">
         <name>ADC_MapMemory</name>
         <value>0x20000780</value>
         <object_component_ref idref="oc-e3"/>
      </symbol>
      <symbol id="sm-1e6">
         <name>ADC_MapInterrupt</name>
         <value>0x20000770</value>
         <object_component_ref idref="oc-e0"/>
      </symbol>
      <symbol id="sm-1e7">
         <name>ADC_SetCallback</name>
         <value>0xf8f</value>
         <object_component_ref idref="oc-70"/>
      </symbol>
      <symbol id="sm-1e8">
         <name>ADC_Callbacks</name>
         <value>0x20000750</value>
         <object_component_ref idref="oc-e9"/>
      </symbol>
      <symbol id="sm-1e9">
         <name>ADC14_IRQHandler</name>
         <value>0xfa5</value>
         <object_component_ref idref="oc-70"/>
      </symbol>
      <symbol id="sm-1ea">
         <name>ADC_Open</name>
         <value>0xedd</value>
         <object_component_ref idref="oc-70"/>
      </symbol>
      <symbol id="sm-1eb">
         <name>ADC_Read</name>
         <value>0xf3f</value>
         <object_component_ref idref="oc-70"/>
      </symbol>
      <symbol id="sm-1ec">
         <name>ADC_MapInput</name>
         <value>0x20000760</value>
         <object_component_ref idref="oc-e6"/>
      </symbol>
      <symbol id="sm-1ed">
         <name>ADC_MapPin</name>
         <value>0x20000790</value>
         <object_component_ref idref="oc-dd"/>
      </symbol>
      <symbol id="sm-239">
         <name>PORT4_IRQHandler</name>
         <value>0xa65</value>
         <object_component_ref idref="oc-7c"/>
      </symbol>
      <symbol id="sm-23a">
         <name>GPIO_Open</name>
         <value>0x81d</value>
         <object_component_ref idref="oc-7c"/>
      </symbol>
      <symbol id="sm-23b">
         <name>GPIO_PortCallbacks</name>
         <value>0x20000400</value>
         <object_component_ref idref="oc-f3"/>
      </symbol>
      <symbol id="sm-23c">
         <name>PORT1_IRQHandler</name>
         <value>0x945</value>
         <object_component_ref idref="oc-7c"/>
      </symbol>
      <symbol id="sm-23d">
         <name>GPIO_InterruptMap</name>
         <value>0x7d9</value>
         <object_component_ref idref="oc-7c"/>
      </symbol>
      <symbol id="sm-23e">
         <name>PORT2_IRQHandler</name>
         <value>0x9a5</value>
         <object_component_ref idref="oc-7c"/>
      </symbol>
      <symbol id="sm-23f">
         <name>GPIO_Toggle</name>
         <value>0x92b</value>
         <object_component_ref idref="oc-7c"/>
      </symbol>
      <symbol id="sm-240">
         <name>GPIO_SetCallback</name>
         <value>0x88f</value>
         <object_component_ref idref="oc-7c"/>
      </symbol>
      <symbol id="sm-241">
         <name>PORT5_IRQHandler</name>
         <value>0xacd</value>
         <object_component_ref idref="oc-7c"/>
      </symbol>
      <symbol id="sm-242">
         <name>GPIO_Read</name>
         <value>0x8df</value>
         <object_component_ref idref="oc-7c"/>
      </symbol>
      <symbol id="sm-243">
         <name>PORT6_IRQHandler</name>
         <value>0xb31</value>
         <object_component_ref idref="oc-7c"/>
      </symbol>
      <symbol id="sm-244">
         <name>GPIO_Write</name>
         <value>0x8f9</value>
         <object_component_ref idref="oc-7c"/>
      </symbol>
      <symbol id="sm-245">
         <name>PORT3_IRQHandler</name>
         <value>0xa05</value>
         <object_component_ref idref="oc-7c"/>
      </symbol>
      <symbol id="sm-27f">
         <name>PWM_MapTimer</name>
         <value>0x20000730</value>
         <object_component_ref idref="oc-1a0"/>
      </symbol>
      <symbol id="sm-280">
         <name>pwmConfigs</name>
         <value>0x20000580</value>
         <object_component_ref idref="oc-194"/>
      </symbol>
      <symbol id="sm-281">
         <name>PWM_MapPort</name>
         <value>0x20000710</value>
         <object_component_ref idref="oc-19a"/>
      </symbol>
      <symbol id="sm-282">
         <name>PWM_Open</name>
         <value>0x10b5</value>
         <object_component_ref idref="oc-10f"/>
      </symbol>
      <symbol id="sm-283">
         <name>PWM_MapCaptureCompareRegister</name>
         <value>0x200006d0</value>
         <object_component_ref idref="oc-197"/>
      </symbol>
      <symbol id="sm-284">
         <name>PWM_SetFrequency</name>
         <value>0x1151</value>
         <object_component_ref idref="oc-10f"/>
      </symbol>
      <symbol id="sm-285">
         <name>PWM_SetDutyCycle</name>
         <value>0x1183</value>
         <object_component_ref idref="oc-10f"/>
      </symbol>
      <symbol id="sm-286">
         <name>PWM_MapPin</name>
         <value>0x200006f0</value>
         <object_component_ref idref="oc-19d"/>
      </symbol>
      <symbol id="sm-2a3">
         <name>Timer32_Open</name>
         <value>0x11e5</value>
         <object_component_ref idref="oc-76"/>
      </symbol>
      <symbol id="sm-2a4">
         <name>Timer32_SetCallback</name>
         <value>0x1245</value>
         <object_component_ref idref="oc-76"/>
      </symbol>
      <symbol id="sm-2a5">
         <name>Timer32_Stop</name>
         <value>0x1235</value>
         <object_component_ref idref="oc-76"/>
      </symbol>
      <symbol id="sm-2a6">
         <name>Timer32Callback</name>
         <value>0x200007f0</value>
         <object_component_ref idref="oc-ee"/>
      </symbol>
      <symbol id="sm-2a7">
         <name>T32_INT1_IRQHandler</name>
         <value>0x1255</value>
         <object_component_ref idref="oc-76"/>
      </symbol>
      <symbol id="sm-2a8">
         <name>Timer32_Start</name>
         <value>0x1207</value>
         <object_component_ref idref="oc-76"/>
      </symbol>
      <symbol id="sm-35b">
         <name>UART_RXBuffer</name>
         <value>0x20000000</value>
      </symbol>
      <symbol id="sm-35c">
         <name>UART_TXBuffer</name>
         <value>0x20000200</value>
      </symbol>
      <symbol id="sm-35d">
         <name>EUSCIA3_IRQHandler</name>
         <value>0x699</value>
         <object_component_ref idref="oc-6a"/>
      </symbol>
      <symbol id="sm-35e">
         <name>UART_Callbacks</name>
         <value>0x200007a0</value>
         <object_component_ref idref="oc-c4"/>
      </symbol>
      <symbol id="sm-35f">
         <name>UART_RXWriteIndex</name>
         <value>0x200007c0</value>
         <object_component_ref idref="oc-d3"/>
      </symbol>
      <symbol id="sm-360">
         <name>UART_Read</name>
         <value>0x359</value>
         <object_component_ref idref="oc-6a"/>
      </symbol>
      <symbol id="sm-361">
         <name>EUSCIA1_IRQHandler</name>
         <value>0x4d1</value>
         <object_component_ref idref="oc-6a"/>
      </symbol>
      <symbol id="sm-362">
         <name>UART_TXWriteIndex</name>
         <value>0x200007e0</value>
         <object_component_ref idref="oc-c7"/>
      </symbol>
      <symbol id="sm-363">
         <name>UART_SetCallback</name>
         <value>0x29f</value>
         <object_component_ref idref="oc-6a"/>
      </symbol>
      <symbol id="sm-364">
         <name>UART_ModuleInterruptMap</name>
         <value>0x121</value>
         <object_component_ref idref="oc-6a"/>
      </symbol>
      <symbol id="sm-365">
         <name>EUSCIA2_IRQHandler</name>
         <value>0x5bd</value>
         <object_component_ref idref="oc-6a"/>
      </symbol>
      <symbol id="sm-366">
         <name>UART_Open</name>
         <value>0x1d5</value>
         <object_component_ref idref="oc-6a"/>
      </symbol>
      <symbol id="sm-367">
         <name>UART_ChangeSettings</name>
         <value>0x241</value>
         <object_component_ref idref="oc-6a"/>
      </symbol>
      <symbol id="sm-368">
         <name>UART_Write</name>
         <value>0x2b9</value>
         <object_component_ref idref="oc-6a"/>
      </symbol>
      <symbol id="sm-369">
         <name>UART_TXReadIndex</name>
         <value>0x200007d0</value>
         <object_component_ref idref="oc-ca"/>
      </symbol>
      <symbol id="sm-36a">
         <name>EUSCIA0_IRQHandler</name>
         <value>0x3e9</value>
         <object_component_ref idref="oc-6a"/>
      </symbol>
      <symbol id="sm-36b">
         <name>UART_ModuleMap</name>
         <value>0xe5</value>
         <object_component_ref idref="oc-6a"/>
      </symbol>
      <symbol id="sm-36c">
         <name>UART_RXReadIndex</name>
         <value>0x200007b0</value>
         <object_component_ref idref="oc-d0"/>
      </symbol>
      <symbol id="sm-36d">
         <name>UARTConfigs</name>
         <value>0x20000640</value>
         <object_component_ref idref="oc-c1"/>
      </symbol>
      <symbol id="sm-36e">
         <name>UART_ModuleMapPins</name>
         <value>0x199</value>
         <object_component_ref idref="oc-6a"/>
      </symbol>
      <symbol id="sm-36f">
         <name>UART_ModuleMapPort</name>
         <value>0x15d</value>
         <object_component_ref idref="oc-6a"/>
      </symbol>
      <symbol id="sm-370">
         <name>__TI_static_base__</name>
         <value>0x0</value>
      </symbol>
      <symbol id="sm-373">
         <name>__mpu_init</name>
         <value>0x0</value>
      </symbol>
      <symbol id="sm-374">
         <name>_system_post_cinit</name>
         <value>0x0</value>
      </symbol>
      <symbol id="sm-375">
         <name>NMI_Handler</name>
         <value>0x14d3</value>
      </symbol>
      <symbol id="sm-376">
         <name>HardFault_Handler</name>
         <value>0x14d3</value>
      </symbol>
      <symbol id="sm-377">
         <name>MemManage_Handler</name>
         <value>0x14d3</value>
      </symbol>
      <symbol id="sm-378">
         <name>BusFault_Handler</name>
         <value>0x14d3</value>
      </symbol>
      <symbol id="sm-379">
         <name>UsageFault_Handler</name>
         <value>0x14d3</value>
      </symbol>
      <symbol id="sm-37a">
         <name>SVC_Handler</name>
         <value>0x14d3</value>
      </symbol>
      <symbol id="sm-37b">
         <name>DebugMon_Handler</name>
         <value>0x14d3</value>
      </symbol>
      <symbol id="sm-37c">
         <name>PendSV_Handler</name>
         <value>0x14d3</value>
      </symbol>
      <symbol id="sm-37d">
         <name>SysTick_Handler</name>
         <value>0x14d3</value>
      </symbol>
      <symbol id="sm-37e">
         <name>PSS_IRQHandler</name>
         <value>0x14d3</value>
      </symbol>
      <symbol id="sm-37f">
         <name>CS_IRQHandler</name>
         <value>0x14d3</value>
      </symbol>
      <symbol id="sm-380">
         <name>PCM_IRQHandler</name>
         <value>0x14d3</value>
      </symbol>
      <symbol id="sm-381">
         <name>WDT_A_IRQHandler</name>
         <value>0x14d3</value>
      </symbol>
      <symbol id="sm-382">
         <name>FPU_IRQHandler</name>
         <value>0x14d3</value>
      </symbol>
      <symbol id="sm-383">
         <name>FLCTL_IRQHandler</name>
         <value>0x14d3</value>
      </symbol>
      <symbol id="sm-384">
         <name>COMP_E0_IRQHandler</name>
         <value>0x14d3</value>
      </symbol>
      <symbol id="sm-385">
         <name>COMP_E1_IRQHandler</name>
         <value>0x14d3</value>
      </symbol>
      <symbol id="sm-386">
         <name>TA0_0_IRQHandler</name>
         <value>0x14d3</value>
      </symbol>
      <symbol id="sm-387">
         <name>TA0_N_IRQHandler</name>
         <value>0x14d3</value>
      </symbol>
      <symbol id="sm-388">
         <name>TA1_0_IRQHandler</name>
         <value>0x14d3</value>
      </symbol>
      <symbol id="sm-389">
         <name>TA1_N_IRQHandler</name>
         <value>0x14d3</value>
      </symbol>
      <symbol id="sm-38a">
         <name>TA2_0_IRQHandler</name>
         <value>0x14d3</value>
      </symbol>
      <symbol id="sm-38b">
         <name>TA2_N_IRQHandler</name>
         <value>0x14d3</value>
      </symbol>
      <symbol id="sm-38c">
         <name>TA3_0_IRQHandler</name>
         <value>0x14d3</value>
      </symbol>
      <symbol id="sm-38d">
         <name>TA3_N_IRQHandler</name>
         <value>0x14d3</value>
      </symbol>
      <symbol id="sm-38e">
         <name>EUSCIA0_IRQHandler</name>
         <value>0x3e9</value>
      </symbol>
      <symbol id="sm-38f">
         <name>EUSCIA1_IRQHandler</name>
         <value>0x4d1</value>
      </symbol>
      <symbol id="sm-390">
         <name>EUSCIA2_IRQHandler</name>
         <value>0x5bd</value>
      </symbol>
      <symbol id="sm-391">
         <name>EUSCIA3_IRQHandler</name>
         <value>0x699</value>
      </symbol>
      <symbol id="sm-392">
         <name>EUSCIB0_IRQHandler</name>
         <value>0x14d3</value>
      </symbol>
      <symbol id="sm-393">
         <name>EUSCIB1_IRQHandler</name>
         <value>0x14d3</value>
      </symbol>
      <symbol id="sm-394">
         <name>EUSCIB2_IRQHandler</name>
         <value>0x14d3</value>
      </symbol>
      <symbol id="sm-395">
         <name>EUSCIB3_IRQHandler</name>
         <value>0x14d3</value>
      </symbol>
      <symbol id="sm-396">
         <name>ADC14_IRQHandler</name>
         <value>0xfa5</value>
      </symbol>
      <symbol id="sm-397">
         <name>T32_INT1_IRQHandler</name>
         <value>0x1255</value>
      </symbol>
      <symbol id="sm-398">
         <name>T32_INT2_IRQHandler</name>
         <value>0x14d3</value>
      </symbol>
      <symbol id="sm-399">
         <name>T32_INTC_IRQHandler</name>
         <value>0x14d3</value>
      </symbol>
      <symbol id="sm-39a">
         <name>AES256_IRQHandler</name>
         <value>0x14d3</value>
      </symbol>
      <symbol id="sm-39b">
         <name>RTC_C_IRQHandler</name>
         <value>0x14d3</value>
      </symbol>
      <symbol id="sm-39c">
         <name>DMA_ERR_IRQHandler</name>
         <value>0x14d3</value>
      </symbol>
      <symbol id="sm-39d">
         <name>DMA_INT3_IRQHandler</name>
         <value>0x14d3</value>
      </symbol>
      <symbol id="sm-39e">
         <name>DMA_INT2_IRQHandler</name>
         <value>0x14d3</value>
      </symbol>
      <symbol id="sm-39f">
         <name>DMA_INT1_IRQHandler</name>
         <value>0x14d3</value>
      </symbol>
      <symbol id="sm-3a0">
         <name>DMA_INT0_IRQHandler</name>
         <value>0x14d3</value>
      </symbol>
      <symbol id="sm-3a1">
         <name>PORT1_IRQHandler</name>
         <value>0x945</value>
      </symbol>
      <symbol id="sm-3a2">
         <name>PORT2_IRQHandler</name>
         <value>0x9a5</value>
      </symbol>
      <symbol id="sm-3a3">
         <name>PORT3_IRQHandler</name>
         <value>0xa05</value>
      </symbol>
      <symbol id="sm-3a4">
         <name>PORT4_IRQHandler</name>
         <value>0xa65</value>
      </symbol>
      <symbol id="sm-3a5">
         <name>PORT5_IRQHandler</name>
         <value>0xacd</value>
      </symbol>
      <symbol id="sm-3a6">
         <name>PORT6_IRQHandler</name>
         <value>0xb31</value>
      </symbol>
   </symbol_table>
   <title>Link successful</title>
</link_info>
