******************************************************************************
                  TI ARM Linker PC v18.1.1                     
******************************************************************************
>> Linked Tue Jan  1 14:56:51 2019

OUTPUT FILE NAME:   <UART_Driver.out>
ENTRY POINT SYMBOL: "_c_int00_noargs"  address: 00000c95


MEMORY CONFIGURATION

         name            origin    length      used     unused   attr    fill
----------------------  --------  ---------  --------  --------  ----  --------
  MAIN                  00000000   00040000  00000d6c  0003f294  R  X
  INFO                  00200000   00004000  00000000  00004000  R  X
  SRAM_CODE             01000000   00010000  00000724  0000f8dc  RW X
  SRAM_DATA             20000000   00010000  00000724  0000f8dc  RW  


SEGMENT ALLOCATION MAP

run origin  load origin   length   init length attrs members
----------  ----------- ---------- ----------- ----- -------
00000000    00000000    00000d70   00000d70    r-x
  00000000    00000000    000000e4   000000e4    r-- .intvecs
  000000e4    000000e4    00000c18   00000c18    r-x .text
  00000d00    00000d00    00000070   00000070    r-- .cinit
20000000    20000000    00000524   00000000    rw-
  20000000    20000000    00000400   00000000    rw- .bss
  20000400    20000400    00000124   00000000    rw- .data
2000fe00    2000fe00    00000200   00000000    rw-
  2000fe00    2000fe00    00000200   00000000    rw- .stack


SECTION ALLOCATION MAP

 output                                  attributes/
section   page    origin      length       input sections
--------  ----  ----------  ----------   ----------------
.intvecs   0    00000000    000000e4     
                  00000000    000000e4     startup_msp432p401r_ccs.obj (.intvecs:retain)

.text      0    000000e4    00000c18     
                  000000e4    00000620     UART_Driver.obj (.text)
                  00000704    00000378     system_msp432p401r.obj (.text)
                  00000a7c    0000009c     rtsv7M4_T_le_v4SPD16_eabi.lib : memcpy_t2.asm.obj (.text)
                  00000b18    0000007a                                   : memset_t2.asm.obj (.text)
                  00000b92    00000068                                   : copy_decompress_lzss.c.obj (.text:decompress:lzss:__TI_decompress_lzss)
                  00000bfa    00000002     --HOLE-- [fill = 0]
                  00000bfc    00000054     main.obj (.text)
                  00000c50    00000044     rtsv7M4_T_le_v4SPD16_eabi.lib : autoinit.c.obj (.text:__TI_auto_init_nobinit_nopinit:__TI_auto_init_nobinit_nopinit)
                  00000c94    00000038                                   : boot_cortex_m.c.obj (.text:_c_int00_noargs:_c_int00_noargs)
                  00000ccc    0000000e                                   : copy_decompress_none.c.obj (.text:decompress:none:__TI_decompress_none)
                  00000cda    0000000e     startup_msp432p401r_ccs.obj (.text)
                  00000ce8    0000000c     rtsv7M4_T_le_v4SPD16_eabi.lib : copy_zero_init.c.obj (.text:decompress:ZI:__TI_zero_init)
                  00000cf4    00000004                                   : pre_init.c.obj (.text:_system_pre_init)
                  00000cf8    00000004                                   : exit.c.obj (.text:abort:abort)

.cinit     0    00000d00    00000070     
                  00000d00    0000004c     (.cinit..data.load) [load image, compression = lzss]
                  00000d4c    0000000c     (__TI_handler_table)
                  00000d58    00000008     (.cinit..bss.load) [load image, compression = zero_init]
                  00000d60    00000010     (__TI_cinit_table)

.init_array 
*          0    00000000    00000000     UNINITIALIZED

.binit     0    00000000    00000000     

.bss       0    20000000    00000400     UNINITIALIZED
                  20000000    00000200     (.common:UART_RXBuffer)
                  20000200    00000200     (.common:UART_TXBuffer)

.data      0    20000400    00000124     UNINITIALIZED
                  20000400    00000090     UART_Driver.obj (.data:UARTConfigs)
                  20000490    00000010     UART_Driver.obj (.data:UART_Callbacks)
                  200004a0    00000010     UART_Driver.obj (.data:UART_MapInterrupt)
                  200004b0    00000010     UART_Driver.obj (.data:UART_MapModule)
                  200004c0    00000010     UART_Driver.obj (.data:UART_MapPins)
                  200004d0    00000010     UART_Driver.obj (.data:UART_MapPort)
                  200004e0    00000010     UART_Driver.obj (.data:UART_RXReadIndex)
                  200004f0    00000010     UART_Driver.obj (.data:UART_RXWriteIndex)
                  20000500    00000010     UART_Driver.obj (.data:UART_TXReadIndex)
                  20000510    00000010     UART_Driver.obj (.data:UART_TXWriteIndex)
                  20000520    00000004     system_msp432p401r.obj (.data)

.stack     0    2000fe00    00000200     UNINITIALIZED
                  2000fe00    00000004     rtsv7M4_T_le_v4SPD16_eabi.lib : boot_cortex_m.c.obj (.stack)
                  2000fe04    000001fc     --HOLE--

MODULE SUMMARY

       Module                        code   ro data   rw data
       ------                        ----   -------   -------
    .\
       UART_Driver.obj               1568   0         2624   
       system_msp432p401r.obj        888    0         8      
       startup_msp432p401r_ccs.obj   14     228       0      
       main.obj                      84     0         0      
    +--+-----------------------------+------+---------+---------+
       Total:                        2554   228       2632   
                                                             
    C:\ti\ccsv7\tools\compiler\ti-cgt-arm_18.1.1.LTS\lib\rtsv7M4_T_le_v4SPD16_eabi.lib
       memcpy_t2.asm.obj             156    0         0      
       memset_t2.asm.obj             122    0         0      
       copy_decompress_lzss.c.obj    104    0         0      
       autoinit.c.obj                68     0         0      
       boot_cortex_m.c.obj           56     0         0      
       copy_decompress_none.c.obj    14     0         0      
       copy_zero_init.c.obj          12     0         0      
       exit.c.obj                    4      0         0      
       pre_init.c.obj                4      0         0      
    +--+-----------------------------+------+---------+---------+
       Total:                        540    0         0      
                                                             
       Stack:                        0      0         1024   
       Linker Generated:             0      112       0      
    +--+-----------------------------+------+---------+---------+
       Grand Total:                  3094   340       3656   


LINKER GENERATED COPY TABLES

__TI_cinit_table @ 00000d60 records: 2, size/record: 8, table size: 16
	.data: load addr=00000d00, load size=0000004c bytes, run addr=20000400, run size=00000124 bytes, compression=lzss
	.bss: load addr=00000d58, load size=00000008 bytes, run addr=20000000, run size=00000400 bytes, compression=zero_init


LINKER GENERATED HANDLER TABLE

__TI_handler_table @ 00000d4c records: 3, size/record: 4, table size: 12
	index: 0, handler: __TI_decompress_lzss
	index: 1, handler: __TI_decompress_none
	index: 2, handler: __TI_zero_init


GLOBAL SYMBOLS: SORTED ALPHABETICALLY BY Name 

address   name                          
-------   ----                          
00000ce7  ADC14_IRQHandler              
00000ce7  AES256_IRQHandler             
00000ce7  BusFault_Handler              
00000cf9  C$$EXIT                       
00000ce7  COMP_E0_IRQHandler            
00000ce7  COMP_E1_IRQHandler            
00000ce7  CS_IRQHandler                 
00000ce7  DMA_ERR_IRQHandler            
00000ce7  DMA_INT0_IRQHandler           
00000ce7  DMA_INT1_IRQHandler           
00000ce7  DMA_INT2_IRQHandler           
00000ce7  DMA_INT3_IRQHandler           
00000ce7  DebugMon_Handler              
00000ce7  Default_Handler               
00000311  EUSCIA0_IRQHandler            
00000311  EUSCIA0_IRQHandler            
000003fd  EUSCIA1_IRQHandler            
000003fd  EUSCIA1_IRQHandler            
000004e9  EUSCIA2_IRQHandler            
000004e9  EUSCIA2_IRQHandler            
000005c5  EUSCIA3_IRQHandler            
000005c5  EUSCIA3_IRQHandler            
00000ce7  EUSCIB0_IRQHandler            
00000ce7  EUSCIB1_IRQHandler            
00000ce7  EUSCIB2_IRQHandler            
00000ce7  EUSCIB3_IRQHandler            
00000ce7  FLCTL_IRQHandler              
00000ce7  FPU_IRQHandler                
00000ce7  HardFault_Handler             
00000ce7  MemManage_Handler             
00000ce7  NMI_Handler                   
00000ce7  PCM_IRQHandler                
00000ce7  PORT1_IRQHandler              
00000ce7  PORT2_IRQHandler              
00000ce7  PORT3_IRQHandler              
00000ce7  PORT4_IRQHandler              
00000ce7  PORT5_IRQHandler              
00000ce7  PORT6_IRQHandler              
00000ce7  PSS_IRQHandler                
00000ce7  PendSV_Handler                
00000ce7  RTC_C_IRQHandler              
00000cdb  Reset_Handler                 
00000ce7  SVC_Handler                   
00000ce7  SysTick_Handler               
20000520  SystemCoreClock               
00000705  SystemCoreClockUpdate         
0000097d  SystemInit                    
00000ce7  T32_INT1_IRQHandler           
00000ce7  T32_INT2_IRQHandler           
00000ce7  T32_INTC_IRQHandler           
00000ce7  TA0_0_IRQHandler              
00000ce7  TA0_N_IRQHandler              
00000ce7  TA1_0_IRQHandler              
00000ce7  TA1_N_IRQHandler              
00000ce7  TA2_0_IRQHandler              
00000ce7  TA2_N_IRQHandler              
00000ce7  TA3_0_IRQHandler              
00000ce7  TA3_N_IRQHandler              
20000400  UARTConfigs                   
00000bfd  UART_A0Callback               
20000490  UART_Callbacks                
00000167  UART_ChangeSettings           
200004a0  UART_MapInterrupt             
200004b0  UART_MapModule                
200004c0  UART_MapPins                  
200004d0  UART_MapPort                  
000000e5  UART_Open                     
20000000  UART_RXBuffer                 
200004e0  UART_RXReadIndex              
200004f0  UART_RXWriteIndex             
0000027b  UART_Read                     
000001c7  UART_SetCallback              
20000200  UART_TXBuffer                 
20000500  UART_TXReadIndex              
20000510  UART_TXWriteIndex             
000001dd  UART_Write                    
00000ce7  UsageFault_Handler            
4000480c  WDTCTL_SYM                    
00000ce7  WDT_A_IRQHandler              
20010000  __STACK_END                   
00000200  __STACK_SIZE                  
00000d60  __TI_CINIT_Base               
00000d70  __TI_CINIT_Limit              
00000d4c  __TI_Handler_Table_Base       
00000d58  __TI_Handler_Table_Limit      
00000c51  __TI_auto_init_nobinit_nopinit
00000b93  __TI_decompress_lzss          
00000ccd  __TI_decompress_none          
ffffffff  __TI_pprof_out_hndl           
ffffffff  __TI_prof_data_size           
ffffffff  __TI_prof_data_start          
00000000  __TI_static_base__            
00000ce9  __TI_zero_init                
00000b19  __aeabi_memclr                
00000b19  __aeabi_memclr4               
00000b19  __aeabi_memclr8               
00000a7d  __aeabi_memcpy                
00000a7d  __aeabi_memcpy4               
00000a7d  __aeabi_memcpy8               
00000b1b  __aeabi_memset                
00000b1b  __aeabi_memset4               
00000b1b  __aeabi_memset8               
ffffffff  __binit__                     
ffffffff  __c_args__                    
UNDEFED   __mpu_init                    
2000fe00  __stack                       
00000c95  _c_int00_noargs               
UNDEFED   _system_post_cinit            
00000cf5  _system_pre_init              
00000cf9  abort                         
ffffffff  binit                         
00000000  interruptVectors              
00000c19  main                          
00000a7d  memcpy                        
00000b21  memset                        


GLOBAL SYMBOLS: SORTED BY Symbol Address 

address   name                          
-------   ----                          
00000000  __TI_static_base__            
00000000  interruptVectors              
000000e5  UART_Open                     
00000167  UART_ChangeSettings           
000001c7  UART_SetCallback              
000001dd  UART_Write                    
00000200  __STACK_SIZE                  
0000027b  UART_Read                     
00000311  EUSCIA0_IRQHandler            
00000311  EUSCIA0_IRQHandler            
000003fd  EUSCIA1_IRQHandler            
000003fd  EUSCIA1_IRQHandler            
000004e9  EUSCIA2_IRQHandler            
000004e9  EUSCIA2_IRQHandler            
000005c5  EUSCIA3_IRQHandler            
000005c5  EUSCIA3_IRQHandler            
00000705  SystemCoreClockUpdate         
0000097d  SystemInit                    
00000a7d  __aeabi_memcpy                
00000a7d  __aeabi_memcpy4               
00000a7d  __aeabi_memcpy8               
00000a7d  memcpy                        
00000b19  __aeabi_memclr                
00000b19  __aeabi_memclr4               
00000b19  __aeabi_memclr8               
00000b1b  __aeabi_memset                
00000b1b  __aeabi_memset4               
00000b1b  __aeabi_memset8               
00000b21  memset                        
00000b93  __TI_decompress_lzss          
00000bfd  UART_A0Callback               
00000c19  main                          
00000c51  __TI_auto_init_nobinit_nopinit
00000c95  _c_int00_noargs               
00000ccd  __TI_decompress_none          
00000cdb  Reset_Handler                 
00000ce7  ADC14_IRQHandler              
00000ce7  AES256_IRQHandler             
00000ce7  BusFault_Handler              
00000ce7  COMP_E0_IRQHandler            
00000ce7  COMP_E1_IRQHandler            
00000ce7  CS_IRQHandler                 
00000ce7  DMA_ERR_IRQHandler            
00000ce7  DMA_INT0_IRQHandler           
00000ce7  DMA_INT1_IRQHandler           
00000ce7  DMA_INT2_IRQHandler           
00000ce7  DMA_INT3_IRQHandler           
00000ce7  DebugMon_Handler              
00000ce7  Default_Handler               
00000ce7  EUSCIB0_IRQHandler            
00000ce7  EUSCIB1_IRQHandler            
00000ce7  EUSCIB2_IRQHandler            
00000ce7  EUSCIB3_IRQHandler            
00000ce7  FLCTL_IRQHandler              
00000ce7  FPU_IRQHandler                
00000ce7  HardFault_Handler             
00000ce7  MemManage_Handler             
00000ce7  NMI_Handler                   
00000ce7  PCM_IRQHandler                
00000ce7  PORT1_IRQHandler              
00000ce7  PORT2_IRQHandler              
00000ce7  PORT3_IRQHandler              
00000ce7  PORT4_IRQHandler              
00000ce7  PORT5_IRQHandler              
00000ce7  PORT6_IRQHandler              
00000ce7  PSS_IRQHandler                
00000ce7  PendSV_Handler                
00000ce7  RTC_C_IRQHandler              
00000ce7  SVC_Handler                   
00000ce7  SysTick_Handler               
00000ce7  T32_INT1_IRQHandler           
00000ce7  T32_INT2_IRQHandler           
00000ce7  T32_INTC_IRQHandler           
00000ce7  TA0_0_IRQHandler              
00000ce7  TA0_N_IRQHandler              
00000ce7  TA1_0_IRQHandler              
00000ce7  TA1_N_IRQHandler              
00000ce7  TA2_0_IRQHandler              
00000ce7  TA2_N_IRQHandler              
00000ce7  TA3_0_IRQHandler              
00000ce7  TA3_N_IRQHandler              
00000ce7  UsageFault_Handler            
00000ce7  WDT_A_IRQHandler              
00000ce9  __TI_zero_init                
00000cf5  _system_pre_init              
00000cf9  C$$EXIT                       
00000cf9  abort                         
00000d4c  __TI_Handler_Table_Base       
00000d58  __TI_Handler_Table_Limit      
00000d60  __TI_CINIT_Base               
00000d70  __TI_CINIT_Limit              
20000000  UART_RXBuffer                 
20000200  UART_TXBuffer                 
20000400  UARTConfigs                   
20000490  UART_Callbacks                
200004a0  UART_MapInterrupt             
200004b0  UART_MapModule                
200004c0  UART_MapPins                  
200004d0  UART_MapPort                  
200004e0  UART_RXReadIndex              
200004f0  UART_RXWriteIndex             
20000500  UART_TXReadIndex              
20000510  UART_TXWriteIndex             
20000520  SystemCoreClock               
2000fe00  __stack                       
20010000  __STACK_END                   
4000480c  WDTCTL_SYM                    
ffffffff  __TI_pprof_out_hndl           
ffffffff  __TI_prof_data_size           
ffffffff  __TI_prof_data_start          
ffffffff  __binit__                     
ffffffff  __c_args__                    
ffffffff  binit                         
UNDEFED   __mpu_init                    
UNDEFED   _system_post_cinit            

[115 symbols]
