******************************************************************************
                  TI ARM Linker PC v18.1.1                     
******************************************************************************
>> Linked Sun Dec 23 16:20:21 2018

OUTPUT FILE NAME:   <UART_Driver.out>
ENTRY POINT SYMBOL: "_c_int00_noargs"  address: 00000d6d


MEMORY CONFIGURATION

         name            origin    length      used     unused   attr    fill
----------------------  --------  ---------  --------  --------  ----  --------
  MAIN                  00000000   00040000  00000e1c  0003f1e4  R  X
  INFO                  00200000   00004000  00000000  00004000  R  X
  SRAM_CODE             01000000   00010000  000006e4  0000f91c  RW X
  SRAM_DATA             20000000   00010000  000006e4  0000f91c  RW  


SEGMENT ALLOCATION MAP

run origin  load origin   length   init length attrs members
----------  ----------- ---------- ----------- ----- -------
00000000    00000000    00000e20   00000e20    r-x
  00000000    00000000    000000e4   000000e4    r-- .intvecs
  000000e4    000000e4    00000cf0   00000cf0    r-x .text
  00000dd8    00000dd8    00000048   00000048    r-- .cinit
20000000    20000000    000004e4   00000000    rw-
  20000000    20000000    00000400   00000000    rw- .bss
  20000400    20000400    000000e4   00000000    rw- .data
2000fe00    2000fe00    00000200   00000000    rw-
  2000fe00    2000fe00    00000200   00000000    rw- .stack


SECTION ALLOCATION MAP

 output                                  attributes/
section   page    origin      length       input sections
--------  ----  ----------  ----------   ----------------
.intvecs   0    00000000    000000e4     
                  00000000    000000e4     startup_msp432p401r_ccs.obj (.intvecs:retain)

.text      0    000000e4    00000cf0     
                  000000e4    000006f4     UART_Driver.obj (.text)
                  000007d8    00000378     system_msp432p401r.obj (.text)
                  00000b50    0000009c     rtsv7M4_T_le_v4SPD16_eabi.lib : memcpy_t2.asm.obj (.text)
                  00000bec    0000007a                                   : memset_t2.asm.obj (.text)
                  00000c66    00000068                                   : copy_decompress_lzss.c.obj (.text:decompress:lzss:__TI_decompress_lzss)
                  00000cce    00000002     --HOLE-- [fill = 0]
                  00000cd0    00000058     main.obj (.text)
                  00000d28    00000044     rtsv7M4_T_le_v4SPD16_eabi.lib : autoinit.c.obj (.text:__TI_auto_init_nobinit_nopinit:__TI_auto_init_nobinit_nopinit)
                  00000d6c    00000038                                   : boot_cortex_m.c.obj (.text:_c_int00_noargs:_c_int00_noargs)
                  00000da4    0000000e                                   : copy_decompress_none.c.obj (.text:decompress:none:__TI_decompress_none)
                  00000db2    0000000e     startup_msp432p401r_ccs.obj (.text)
                  00000dc0    0000000c     rtsv7M4_T_le_v4SPD16_eabi.lib : copy_zero_init.c.obj (.text:decompress:ZI:__TI_zero_init)
                  00000dcc    00000004                                   : pre_init.c.obj (.text:_system_pre_init)
                  00000dd0    00000004                                   : exit.c.obj (.text:abort:abort)

.cinit     0    00000dd8    00000048     
                  00000dd8    0000001f     (.cinit..data.load) [load image, compression = lzss]
                  00000df7    00000001     --HOLE-- [fill = 0]
                  00000df8    0000000c     (__TI_handler_table)
                  00000e04    00000004     --HOLE-- [fill = 0]
                  00000e08    00000008     (.cinit..bss.load) [load image, compression = zero_init]
                  00000e10    00000010     (__TI_cinit_table)

.init_array 
*          0    00000000    00000000     UNINITIALIZED

.binit     0    00000000    00000000     

.bss       0    20000000    00000400     UNINITIALIZED
                  20000000    00000200     (.common:UART_RXBuffer)
                  20000200    00000200     (.common:UART_TXBuffer)

.data      0    20000400    000000e4     UNINITIALIZED
                  20000400    00000090     UART_Driver.obj (.data:UARTConfigs)
                  20000490    00000010     UART_Driver.obj (.data:UART_Callbacks)
                  200004a0    00000010     UART_Driver.obj (.data:UART_RXReadIndex)
                  200004b0    00000010     UART_Driver.obj (.data:UART_RXWriteIndex)
                  200004c0    00000010     UART_Driver.obj (.data:UART_TXReadIndex)
                  200004d0    00000010     UART_Driver.obj (.data:UART_TXWriteIndex)
                  200004e0    00000004     system_msp432p401r.obj (.data)

.stack     0    2000fe00    00000200     UNINITIALIZED
                  2000fe00    00000004     rtsv7M4_T_le_v4SPD16_eabi.lib : boot_cortex_m.c.obj (.stack)
                  2000fe04    000001fc     --HOLE--

MODULE SUMMARY

       Module                        code   ro data   rw data
       ------                        ----   -------   -------
    .\
       UART_Driver.obj               1780   0         2496   
       system_msp432p401r.obj        888    0         8      
       startup_msp432p401r_ccs.obj   14     228       0      
       main.obj                      88     0         0      
    +--+-----------------------------+------+---------+---------+
       Total:                        2770   228       2504   
                                                             
    C:\ti\ccsv7\tools\compiler\ti-cgt-arm_18.1.1.LTS\lib\rtsv7M4_T_le_v4SPD16_eabi.lib
       memcpy_t2.asm.obj             156    0         0      
       memset_t2.asm.obj             122    0         0      
       copy_decompress_lzss.c.obj    104    0         0      
       autoinit.c.obj                68     0         0      
       boot_cortex_m.c.obj           56     0         0      
       copy_decompress_none.c.obj    14     0         0      
       copy_zero_init.c.obj          12     0         0      
       exit.c.obj                    4      0         0      
       pre_init.c.obj                4      0         0      
    +--+-----------------------------+------+---------+---------+
       Total:                        540    0         0      
                                                             
       Stack:                        0      0         1024   
       Linker Generated:             0      67        0      
    +--+-----------------------------+------+---------+---------+
       Grand Total:                  3310   295       3528   


LINKER GENERATED COPY TABLES

__TI_cinit_table @ 00000e10 records: 2, size/record: 8, table size: 16
	.data: load addr=00000dd8, load size=0000001f bytes, run addr=20000400, run size=000000e4 bytes, compression=lzss
	.bss: load addr=00000e08, load size=00000008 bytes, run addr=20000000, run size=00000400 bytes, compression=zero_init


LINKER GENERATED HANDLER TABLE

__TI_handler_table @ 00000df8 records: 3, size/record: 4, table size: 12
	index: 0, handler: __TI_decompress_lzss
	index: 1, handler: __TI_decompress_none
	index: 2, handler: __TI_zero_init


GLOBAL SYMBOLS: SORTED ALPHABETICALLY BY Name 

address   name                          
-------   ----                          
00000dbf  ADC14_IRQHandler              
00000dbf  AES256_IRQHandler             
00000dbf  BusFault_Handler              
00000dd1  C$$EXIT                       
00000dbf  COMP_E0_IRQHandler            
00000dbf  COMP_E1_IRQHandler            
00000dbf  CS_IRQHandler                 
00000dbf  DMA_ERR_IRQHandler            
00000dbf  DMA_INT0_IRQHandler           
00000dbf  DMA_INT1_IRQHandler           
00000dbf  DMA_INT2_IRQHandler           
00000dbf  DMA_INT3_IRQHandler           
00000dbf  DebugMon_Handler              
00000dbf  Default_Handler               
000003e9  EUSCIA0_IRQHandler            
000003e9  EUSCIA0_IRQHandler            
000004d1  EUSCIA1_IRQHandler            
000004d1  EUSCIA1_IRQHandler            
000005bd  EUSCIA2_IRQHandler            
000005bd  EUSCIA2_IRQHandler            
00000699  EUSCIA3_IRQHandler            
00000699  EUSCIA3_IRQHandler            
00000dbf  EUSCIB0_IRQHandler            
00000dbf  EUSCIB1_IRQHandler            
00000dbf  EUSCIB2_IRQHandler            
00000dbf  EUSCIB3_IRQHandler            
00000dbf  FLCTL_IRQHandler              
00000dbf  FPU_IRQHandler                
00000dbf  HardFault_Handler             
00000dbf  MemManage_Handler             
00000dbf  NMI_Handler                   
00000dbf  PCM_IRQHandler                
00000dbf  PORT1_IRQHandler              
00000dbf  PORT2_IRQHandler              
00000dbf  PORT3_IRQHandler              
00000dbf  PORT4_IRQHandler              
00000dbf  PORT5_IRQHandler              
00000dbf  PORT6_IRQHandler              
00000dbf  PSS_IRQHandler                
00000dbf  PendSV_Handler                
00000dbf  RTC_C_IRQHandler              
00000db3  Reset_Handler                 
00000dbf  SVC_Handler                   
00000dbf  SysTick_Handler               
200004e0  SystemCoreClock               
000007d9  SystemCoreClockUpdate         
00000a51  SystemInit                    
00000dbf  T32_INT1_IRQHandler           
00000dbf  T32_INT2_IRQHandler           
00000dbf  T32_INTC_IRQHandler           
00000dbf  TA0_0_IRQHandler              
00000dbf  TA0_N_IRQHandler              
00000dbf  TA1_0_IRQHandler              
00000dbf  TA1_N_IRQHandler              
00000dbf  TA2_0_IRQHandler              
00000dbf  TA2_N_IRQHandler              
00000dbf  TA3_0_IRQHandler              
00000dbf  TA3_N_IRQHandler              
20000400  UARTConfigs                   
00000cd1  UART_A0Callback               
20000490  UART_Callbacks                
00000241  UART_ChangeSettings           
00000121  UART_ModuleInterruptMap       
000000e5  UART_ModuleMap                
00000199  UART_ModuleMapPins            
0000015d  UART_ModuleMapPort            
000001d5  UART_Open                     
20000000  UART_RXBuffer                 
200004a0  UART_RXReadIndex              
200004b0  UART_RXWriteIndex             
00000359  UART_Read                     
0000029f  UART_SetCallback              
20000200  UART_TXBuffer                 
200004c0  UART_TXReadIndex              
200004d0  UART_TXWriteIndex             
000002b9  UART_Write                    
00000dbf  UsageFault_Handler            
4000480c  WDTCTL_SYM                    
00000dbf  WDT_A_IRQHandler              
20010000  __STACK_END                   
00000200  __STACK_SIZE                  
00000e10  __TI_CINIT_Base               
00000e20  __TI_CINIT_Limit              
00000df8  __TI_Handler_Table_Base       
00000e04  __TI_Handler_Table_Limit      
00000d29  __TI_auto_init_nobinit_nopinit
00000c67  __TI_decompress_lzss          
00000da5  __TI_decompress_none          
ffffffff  __TI_pprof_out_hndl           
ffffffff  __TI_prof_data_size           
ffffffff  __TI_prof_data_start          
00000000  __TI_static_base__            
00000dc1  __TI_zero_init                
00000bed  __aeabi_memclr                
00000bed  __aeabi_memclr4               
00000bed  __aeabi_memclr8               
00000b51  __aeabi_memcpy                
00000b51  __aeabi_memcpy4               
00000b51  __aeabi_memcpy8               
00000bef  __aeabi_memset                
00000bef  __aeabi_memset4               
00000bef  __aeabi_memset8               
ffffffff  __binit__                     
ffffffff  __c_args__                    
UNDEFED   __mpu_init                    
2000fe00  __stack                       
00000d6d  _c_int00_noargs               
UNDEFED   _system_post_cinit            
00000dcd  _system_pre_init              
00000dd1  abort                         
ffffffff  binit                         
00000000  interruptVectors              
00000ced  main                          
00000b51  memcpy                        
00000bf5  memset                        


GLOBAL SYMBOLS: SORTED BY Symbol Address 

address   name                          
-------   ----                          
00000000  __TI_static_base__            
00000000  interruptVectors              
000000e5  UART_ModuleMap                
00000121  UART_ModuleInterruptMap       
0000015d  UART_ModuleMapPort            
00000199  UART_ModuleMapPins            
000001d5  UART_Open                     
00000200  __STACK_SIZE                  
00000241  UART_ChangeSettings           
0000029f  UART_SetCallback              
000002b9  UART_Write                    
00000359  UART_Read                     
000003e9  EUSCIA0_IRQHandler            
000003e9  EUSCIA0_IRQHandler            
000004d1  EUSCIA1_IRQHandler            
000004d1  EUSCIA1_IRQHandler            
000005bd  EUSCIA2_IRQHandler            
000005bd  EUSCIA2_IRQHandler            
00000699  EUSCIA3_IRQHandler            
00000699  EUSCIA3_IRQHandler            
000007d9  SystemCoreClockUpdate         
00000a51  SystemInit                    
00000b51  __aeabi_memcpy                
00000b51  __aeabi_memcpy4               
00000b51  __aeabi_memcpy8               
00000b51  memcpy                        
00000bed  __aeabi_memclr                
00000bed  __aeabi_memclr4               
00000bed  __aeabi_memclr8               
00000bef  __aeabi_memset                
00000bef  __aeabi_memset4               
00000bef  __aeabi_memset8               
00000bf5  memset                        
00000c67  __TI_decompress_lzss          
00000cd1  UART_A0Callback               
00000ced  main                          
00000d29  __TI_auto_init_nobinit_nopinit
00000d6d  _c_int00_noargs               
00000da5  __TI_decompress_none          
00000db3  Reset_Handler                 
00000dbf  ADC14_IRQHandler              
00000dbf  AES256_IRQHandler             
00000dbf  BusFault_Handler              
00000dbf  COMP_E0_IRQHandler            
00000dbf  COMP_E1_IRQHandler            
00000dbf  CS_IRQHandler                 
00000dbf  DMA_ERR_IRQHandler            
00000dbf  DMA_INT0_IRQHandler           
00000dbf  DMA_INT1_IRQHandler           
00000dbf  DMA_INT2_IRQHandler           
00000dbf  DMA_INT3_IRQHandler           
00000dbf  DebugMon_Handler              
00000dbf  Default_Handler               
00000dbf  EUSCIB0_IRQHandler            
00000dbf  EUSCIB1_IRQHandler            
00000dbf  EUSCIB2_IRQHandler            
00000dbf  EUSCIB3_IRQHandler            
00000dbf  FLCTL_IRQHandler              
00000dbf  FPU_IRQHandler                
00000dbf  HardFault_Handler             
00000dbf  MemManage_Handler             
00000dbf  NMI_Handler                   
00000dbf  PCM_IRQHandler                
00000dbf  PORT1_IRQHandler              
00000dbf  PORT2_IRQHandler              
00000dbf  PORT3_IRQHandler              
00000dbf  PORT4_IRQHandler              
00000dbf  PORT5_IRQHandler              
00000dbf  PORT6_IRQHandler              
00000dbf  PSS_IRQHandler                
00000dbf  PendSV_Handler                
00000dbf  RTC_C_IRQHandler              
00000dbf  SVC_Handler                   
00000dbf  SysTick_Handler               
00000dbf  T32_INT1_IRQHandler           
00000dbf  T32_INT2_IRQHandler           
00000dbf  T32_INTC_IRQHandler           
00000dbf  TA0_0_IRQHandler              
00000dbf  TA0_N_IRQHandler              
00000dbf  TA1_0_IRQHandler              
00000dbf  TA1_N_IRQHandler              
00000dbf  TA2_0_IRQHandler              
00000dbf  TA2_N_IRQHandler              
00000dbf  TA3_0_IRQHandler              
00000dbf  TA3_N_IRQHandler              
00000dbf  UsageFault_Handler            
00000dbf  WDT_A_IRQHandler              
00000dc1  __TI_zero_init                
00000dcd  _system_pre_init              
00000dd1  C$$EXIT                       
00000dd1  abort                         
00000df8  __TI_Handler_Table_Base       
00000e04  __TI_Handler_Table_Limit      
00000e10  __TI_CINIT_Base               
00000e20  __TI_CINIT_Limit              
20000000  UART_RXBuffer                 
20000200  UART_TXBuffer                 
20000400  UARTConfigs                   
20000490  UART_Callbacks                
200004a0  UART_RXReadIndex              
200004b0  UART_RXWriteIndex             
200004c0  UART_TXReadIndex              
200004d0  UART_TXWriteIndex             
200004e0  SystemCoreClock               
2000fe00  __stack                       
20010000  __STACK_END                   
4000480c  WDTCTL_SYM                    
ffffffff  __TI_pprof_out_hndl           
ffffffff  __TI_prof_data_size           
ffffffff  __TI_prof_data_start          
ffffffff  __binit__                     
ffffffff  __c_args__                    
ffffffff  binit                         
UNDEFED   __mpu_init                    
UNDEFED   _system_post_cinit            

[115 symbols]
