******************************************************************************
                  TI ARM Linker PC v18.1.1                     
******************************************************************************
>> Linked Sun Dec 23 16:20:18 2018

OUTPUT FILE NAME:   <GPIO_Driver.out>
ENTRY POINT SYMBOL: "_c_int00_noargs"  address: 000009c9


MEMORY CONFIGURATION

         name            origin    length      used     unused   attr    fill
----------------------  --------  ---------  --------  --------  ----  --------
  MAIN                  00000000   00040000  00000a40  0003f5c0  R  X
  INFO                  00200000   00004000  00000000  00004000  R  X
  SRAM_CODE             01000000   00010000  00000384  0000fc7c  RW X
  SRAM_DATA             20000000   00010000  00000384  0000fc7c  RW  


SEGMENT ALLOCATION MAP

run origin  load origin   length   init length attrs members
----------  ----------- ---------- ----------- ----- -------
00000000    00000000    00000a44   00000a44    r-x
  00000000    00000000    000000e4   000000e4    r-- .intvecs
  000000e4    000000e4    00000940   00000940    r-x .text
  00000a28    00000a28    0000001c   0000001c    r-- .cinit
20000000    20000000    00000184   00000000    rw-
  20000000    20000000    00000184   00000000    rw- .data
2000fe00    2000fe00    00000200   00000000    rw-
  2000fe00    2000fe00    00000200   00000000    rw- .stack


SECTION ALLOCATION MAP

 output                                  attributes/
section   page    origin      length       input sections
--------  ----  ----------  ----------   ----------------
.intvecs   0    00000000    000000e4     
                  00000000    000000e4     startup_msp432p401r_ccs.obj (.intvecs:retain)

.text      0    000000e4    00000940     
                  000000e4    000003d0     GPIO_Driver.obj (.text)
                  000004b4    00000378     system_msp432p401r.obj (.text)
                  0000082c    0000009c     rtsv7M4_T_le_v4SPD16_eabi.lib : memcpy_t2.asm.obj (.text)
                  000008c8    00000068                                   : copy_decompress_lzss.c.obj (.text:decompress:lzss:__TI_decompress_lzss)
                  00000930    00000054     main.obj (.text)
                  00000984    00000044     rtsv7M4_T_le_v4SPD16_eabi.lib : autoinit.c.obj (.text:__TI_auto_init_nobinit_nopinit:__TI_auto_init_nobinit_nopinit)
                  000009c8    00000038                                   : boot_cortex_m.c.obj (.text:_c_int00_noargs:_c_int00_noargs)
                  00000a00    0000000e                                   : copy_decompress_none.c.obj (.text:decompress:none:__TI_decompress_none)
                  00000a0e    0000000e     startup_msp432p401r_ccs.obj (.text)
                  00000a1c    00000004     rtsv7M4_T_le_v4SPD16_eabi.lib : pre_init.c.obj (.text:_system_pre_init)
                  00000a20    00000004                                   : exit.c.obj (.text:abort:abort)

.cinit     0    00000a28    0000001c     
                  00000a28    0000000c     (.cinit..data.load) [load image, compression = lzss]
                  00000a34    00000008     (__TI_handler_table)
                  00000a3c    00000008     (__TI_cinit_table)

.init_array 
*          0    00000000    00000000     UNINITIALIZED

.binit     0    00000000    00000000     

.data      0    20000000    00000184     UNINITIALIZED
                  20000000    00000180     GPIO_Driver.obj (.data:GPIO_PortCallbacks)
                  20000180    00000004     system_msp432p401r.obj (.data)

.stack     0    2000fe00    00000200     UNINITIALIZED
                  2000fe00    00000004     rtsv7M4_T_le_v4SPD16_eabi.lib : boot_cortex_m.c.obj (.stack)
                  2000fe04    000001fc     --HOLE--

MODULE SUMMARY

       Module                        code   ro data   rw data
       ------                        ----   -------   -------
    .\
       GPIO_Driver.obj               976    0         768    
       system_msp432p401r.obj        888    0         8      
       startup_msp432p401r_ccs.obj   14     228       0      
       main.obj                      84     0         0      
    +--+-----------------------------+------+---------+---------+
       Total:                        1962   228       776    
                                                             
    C:\ti\ccsv7\tools\compiler\ti-cgt-arm_18.1.1.LTS\lib\rtsv7M4_T_le_v4SPD16_eabi.lib
       memcpy_t2.asm.obj             156    0         0      
       copy_decompress_lzss.c.obj    104    0         0      
       autoinit.c.obj                68     0         0      
       boot_cortex_m.c.obj           56     0         0      
       copy_decompress_none.c.obj    14     0         0      
       exit.c.obj                    4      0         0      
       pre_init.c.obj                4      0         0      
    +--+-----------------------------+------+---------+---------+
       Total:                        406    0         0      
                                                             
       Stack:                        0      0         1024   
       Linker Generated:             0      28        0      
    +--+-----------------------------+------+---------+---------+
       Grand Total:                  2368   256       1800   


LINKER GENERATED COPY TABLES

__TI_cinit_table @ 00000a3c records: 1, size/record: 8, table size: 8
	.data: load addr=00000a28, load size=0000000c bytes, run addr=20000000, run size=00000184 bytes, compression=lzss


LINKER GENERATED HANDLER TABLE

__TI_handler_table @ 00000a34 records: 2, size/record: 4, table size: 8
	index: 0, handler: __TI_decompress_lzss
	index: 1, handler: __TI_decompress_none


GLOBAL SYMBOLS: SORTED ALPHABETICALLY BY Name 

address   name                          
-------   ----                          
00000a1b  ADC14_IRQHandler              
00000a1b  AES256_IRQHandler             
00000a1b  BusFault_Handler              
00000931  Button0_Callback              
00000a21  C$$EXIT                       
00000a1b  COMP_E0_IRQHandler            
00000a1b  COMP_E1_IRQHandler            
00000a1b  CS_IRQHandler                 
00000a1b  DMA_ERR_IRQHandler            
00000a1b  DMA_INT0_IRQHandler           
00000a1b  DMA_INT1_IRQHandler           
00000a1b  DMA_INT2_IRQHandler           
00000a1b  DMA_INT3_IRQHandler           
00000a1b  DebugMon_Handler              
00000a1b  Default_Handler               
00000a1b  EUSCIA0_IRQHandler            
00000a1b  EUSCIA1_IRQHandler            
00000a1b  EUSCIA2_IRQHandler            
00000a1b  EUSCIA3_IRQHandler            
00000a1b  EUSCIB0_IRQHandler            
00000a1b  EUSCIB1_IRQHandler            
00000a1b  EUSCIB2_IRQHandler            
00000a1b  EUSCIB3_IRQHandler            
00000a1b  FLCTL_IRQHandler              
00000a1b  FPU_IRQHandler                
000000e5  GPIO_InterruptMap             
00000129  GPIO_Open                     
20000000  GPIO_PortCallbacks            
000001eb  GPIO_Read                     
0000019b  GPIO_SetCallback              
00000237  GPIO_Toggle                   
00000205  GPIO_Write                    
00000a1b  HardFault_Handler             
00000a1b  MemManage_Handler             
00000a1b  NMI_Handler                   
00000a1b  PCM_IRQHandler                
00000251  PORT1_IRQHandler              
00000251  PORT1_IRQHandler              
000002b1  PORT2_IRQHandler              
000002b1  PORT2_IRQHandler              
00000311  PORT3_IRQHandler              
00000311  PORT3_IRQHandler              
00000371  PORT4_IRQHandler              
00000371  PORT4_IRQHandler              
000003d9  PORT5_IRQHandler              
000003d9  PORT5_IRQHandler              
0000043d  PORT6_IRQHandler              
0000043d  PORT6_IRQHandler              
00000a1b  PSS_IRQHandler                
00000a1b  PendSV_Handler                
00000a1b  RTC_C_IRQHandler              
00000a0f  Reset_Handler                 
00000a1b  SVC_Handler                   
00000a1b  SysTick_Handler               
20000180  SystemCoreClock               
000004b5  SystemCoreClockUpdate         
0000072d  SystemInit                    
00000a1b  T32_INT1_IRQHandler           
00000a1b  T32_INT2_IRQHandler           
00000a1b  T32_INTC_IRQHandler           
00000a1b  TA0_0_IRQHandler              
00000a1b  TA0_N_IRQHandler              
00000a1b  TA1_0_IRQHandler              
00000a1b  TA1_N_IRQHandler              
00000a1b  TA2_0_IRQHandler              
00000a1b  TA2_N_IRQHandler              
00000a1b  TA3_0_IRQHandler              
00000a1b  TA3_N_IRQHandler              
00000a1b  UsageFault_Handler            
4000480c  WDTCTL_SYM                    
00000a1b  WDT_A_IRQHandler              
20010000  __STACK_END                   
00000200  __STACK_SIZE                  
00000a3c  __TI_CINIT_Base               
00000a44  __TI_CINIT_Limit              
00000a34  __TI_Handler_Table_Base       
00000a3c  __TI_Handler_Table_Limit      
00000985  __TI_auto_init_nobinit_nopinit
000008c9  __TI_decompress_lzss          
00000a01  __TI_decompress_none          
ffffffff  __TI_pprof_out_hndl           
ffffffff  __TI_prof_data_size           
ffffffff  __TI_prof_data_start          
00000000  __TI_static_base__            
0000082d  __aeabi_memcpy                
0000082d  __aeabi_memcpy4               
0000082d  __aeabi_memcpy8               
ffffffff  __binit__                     
ffffffff  __c_args__                    
UNDEFED   __mpu_init                    
2000fe00  __stack                       
000009c9  _c_int00_noargs               
UNDEFED   _system_post_cinit            
00000a1d  _system_pre_init              
00000a21  abort                         
ffffffff  binit                         
00000000  interruptVectors              
0000093d  main                          
0000082d  memcpy                        


GLOBAL SYMBOLS: SORTED BY Symbol Address 

address   name                          
-------   ----                          
00000000  __TI_static_base__            
00000000  interruptVectors              
000000e5  GPIO_InterruptMap             
00000129  GPIO_Open                     
0000019b  GPIO_SetCallback              
000001eb  GPIO_Read                     
00000200  __STACK_SIZE                  
00000205  GPIO_Write                    
00000237  GPIO_Toggle                   
00000251  PORT1_IRQHandler              
00000251  PORT1_IRQHandler              
000002b1  PORT2_IRQHandler              
000002b1  PORT2_IRQHandler              
00000311  PORT3_IRQHandler              
00000311  PORT3_IRQHandler              
00000371  PORT4_IRQHandler              
00000371  PORT4_IRQHandler              
000003d9  PORT5_IRQHandler              
000003d9  PORT5_IRQHandler              
0000043d  PORT6_IRQHandler              
0000043d  PORT6_IRQHandler              
000004b5  SystemCoreClockUpdate         
0000072d  SystemInit                    
0000082d  __aeabi_memcpy                
0000082d  __aeabi_memcpy4               
0000082d  __aeabi_memcpy8               
0000082d  memcpy                        
000008c9  __TI_decompress_lzss          
00000931  Button0_Callback              
0000093d  main                          
00000985  __TI_auto_init_nobinit_nopinit
000009c9  _c_int00_noargs               
00000a01  __TI_decompress_none          
00000a0f  Reset_Handler                 
00000a1b  ADC14_IRQHandler              
00000a1b  AES256_IRQHandler             
00000a1b  BusFault_Handler              
00000a1b  COMP_E0_IRQHandler            
00000a1b  COMP_E1_IRQHandler            
00000a1b  CS_IRQHandler                 
00000a1b  DMA_ERR_IRQHandler            
00000a1b  DMA_INT0_IRQHandler           
00000a1b  DMA_INT1_IRQHandler           
00000a1b  DMA_INT2_IRQHandler           
00000a1b  DMA_INT3_IRQHandler           
00000a1b  DebugMon_Handler              
00000a1b  Default_Handler               
00000a1b  EUSCIA0_IRQHandler            
00000a1b  EUSCIA1_IRQHandler            
00000a1b  EUSCIA2_IRQHandler            
00000a1b  EUSCIA3_IRQHandler            
00000a1b  EUSCIB0_IRQHandler            
00000a1b  EUSCIB1_IRQHandler            
00000a1b  EUSCIB2_IRQHandler            
00000a1b  EUSCIB3_IRQHandler            
00000a1b  FLCTL_IRQHandler              
00000a1b  FPU_IRQHandler                
00000a1b  HardFault_Handler             
00000a1b  MemManage_Handler             
00000a1b  NMI_Handler                   
00000a1b  PCM_IRQHandler                
00000a1b  PSS_IRQHandler                
00000a1b  PendSV_Handler                
00000a1b  RTC_C_IRQHandler              
00000a1b  SVC_Handler                   
00000a1b  SysTick_Handler               
00000a1b  T32_INT1_IRQHandler           
00000a1b  T32_INT2_IRQHandler           
00000a1b  T32_INTC_IRQHandler           
00000a1b  TA0_0_IRQHandler              
00000a1b  TA0_N_IRQHandler              
00000a1b  TA1_0_IRQHandler              
00000a1b  TA1_N_IRQHandler              
00000a1b  TA2_0_IRQHandler              
00000a1b  TA2_N_IRQHandler              
00000a1b  TA3_0_IRQHandler              
00000a1b  TA3_N_IRQHandler              
00000a1b  UsageFault_Handler            
00000a1b  WDT_A_IRQHandler              
00000a1d  _system_pre_init              
00000a21  C$$EXIT                       
00000a21  abort                         
00000a34  __TI_Handler_Table_Base       
00000a3c  __TI_CINIT_Base               
00000a3c  __TI_Handler_Table_Limit      
00000a44  __TI_CINIT_Limit              
20000000  GPIO_PortCallbacks            
20000180  SystemCoreClock               
2000fe00  __stack                       
20010000  __STACK_END                   
4000480c  WDTCTL_SYM                    
ffffffff  __TI_pprof_out_hndl           
ffffffff  __TI_prof_data_size           
ffffffff  __TI_prof_data_start          
ffffffff  __binit__                     
ffffffff  __c_args__                    
ffffffff  binit                         
UNDEFED   __mpu_init                    
UNDEFED   _system_post_cinit            

[99 symbols]
