******************************************************************************
                  TI ARM Linker PC v18.1.1                     
******************************************************************************
>> Linked Mon Dec 31 12:58:19 2018

OUTPUT FILE NAME:   <Salieri_BoardTest.out>
ENTRY POINT SYMBOL: "_c_int00_noargs"  address: 000018bd


MEMORY CONFIGURATION

         name            origin    length      used     unused   attr    fill
----------------------  --------  ---------  --------  --------  ----  --------
  MAIN                  00000000   00040000  000019c4  0003e63c  R  X
  INFO                  00200000   00004000  00000000  00004000  R  X
  SRAM_CODE             01000000   00010000  00000ff8  0000f008  RW X
  SRAM_DATA             20000000   00010000  00000ff8  0000f008  RW  


SEGMENT ALLOCATION MAP

run origin  load origin   length   init length attrs members
----------  ----------- ---------- ----------- ----- -------
00000000    00000000    000019c8   000019c8    r-x
  00000000    00000000    000000e4   000000e4    r-- .intvecs
  000000e4    000000e4    00001840   00001840    r-x .text
  00001928    00001928    000000a0   000000a0    r-- .cinit
20000000    20000000    000007f8   00000000    rw-
  20000000    20000000    00000400   00000000    rw- .bss
  20000400    20000400    000003f8   00000000    rw- .data
2000f800    2000f800    00000800   00000000    rw-
  2000f800    2000f800    00000800   00000000    rw- .stack


SECTION ALLOCATION MAP

 output                                  attributes/
section   page    origin      length       input sections
--------  ----  ----------  ----------   ----------------
.intvecs   0    00000000    000000e4     
                  00000000    000000e4     startup_msp432p401r_ccs.obj (.intvecs:retain)

.text      0    000000e4    00001840     
                  000000e4    000006f4     Salieri Drivers.lib : UART_Driver.obj (.text)
                  000007d8    000003d0                         : GPIO_Driver.obj (.text)
                  00000ba8    00000378     system_msp432p401r.obj (.text)
                  00000f20    00000252     MPSIO.obj (.text)
                  00001172    00000002     --HOLE-- [fill = 0]
                  00001174    000001e0     main.obj (.text)
                  00001354    000001d8     Salieri Drivers.lib : ADC_Driver.obj (.text)
                  0000152c    00000130                         : PWM_Driver.obj (.text)
                  0000165c    0000009c                         : Timer32_Driver.obj (.text)
                  000016f8    0000009c     rtsv7M4_T_le_v4SPD16_eabi.lib : memcpy_t2.asm.obj (.text)
                  00001794    0000007a                                   : memset_t2.asm.obj (.text)
                  0000180e    00000068                                   : copy_decompress_lzss.c.obj (.text:decompress:lzss:__TI_decompress_lzss)
                  00001876    00000002     --HOLE-- [fill = 0]
                  00001878    00000044                                   : autoinit.c.obj (.text:__TI_auto_init_nobinit_nopinit:__TI_auto_init_nobinit_nopinit)
                  000018bc    00000038                                   : boot_cortex_m.c.obj (.text:_c_int00_noargs:_c_int00_noargs)
                  000018f4    0000000e                                   : copy_decompress_none.c.obj (.text:decompress:none:__TI_decompress_none)
                  00001902    0000000e     startup_msp432p401r_ccs.obj (.text)
                  00001910    0000000c     rtsv7M4_T_le_v4SPD16_eabi.lib : copy_zero_init.c.obj (.text:decompress:ZI:__TI_zero_init)
                  0000191c    00000004                                   : pre_init.c.obj (.text:_system_pre_init)
                  00001920    00000004                                   : exit.c.obj (.text:abort:abort)

.cinit     0    00001928    000000a0     
                  00001928    0000007b     (.cinit..data.load) [load image, compression = lzss]
                  000019a3    00000001     --HOLE-- [fill = 0]
                  000019a4    0000000c     (__TI_handler_table)
                  000019b0    00000008     (.cinit..bss.load) [load image, compression = zero_init]
                  000019b8    00000010     (__TI_cinit_table)

.init_array 
*          0    00000000    00000000     UNINITIALIZED

.binit     0    00000000    00000000     

.bss       0    20000000    00000400     UNINITIALIZED
                  20000000    00000200     (.common:UART_RXBuffer)
                  20000200    00000200     (.common:UART_TXBuffer)

.data      0    20000400    000003f8     UNINITIALIZED
                  20000400    00000180     Salieri Drivers.lib : GPIO_Driver.obj (.data:GPIO_PortCallbacks)
                  20000580    000000c0                         : PWM_Driver.obj (.data:pwmConfigs)
                  20000640    00000090                         : UART_Driver.obj (.data:UARTConfigs)
                  200006d0    00000020                         : PWM_Driver.obj (.data:PWM_MapCaptureCompareRegister)
                  200006f0    00000020                         : PWM_Driver.obj (.data:PWM_MapPin)
                  20000710    00000020                         : PWM_Driver.obj (.data:PWM_MapPort)
                  20000730    00000020                         : PWM_Driver.obj (.data:PWM_MapTimer)
                  20000750    00000010                         : ADC_Driver.obj (.data:ADC_Callbacks)
                  20000760    00000010                         : ADC_Driver.obj (.data:ADC_MapInput)
                  20000770    00000010                         : ADC_Driver.obj (.data:ADC_MapInterrupt)
                  20000780    00000010                         : ADC_Driver.obj (.data:ADC_MapMemory)
                  20000790    00000010                         : ADC_Driver.obj (.data:ADC_MapPin)
                  200007a0    00000010                         : UART_Driver.obj (.data:UART_Callbacks)
                  200007b0    00000010                         : UART_Driver.obj (.data:UART_RXReadIndex)
                  200007c0    00000010                         : UART_Driver.obj (.data:UART_RXWriteIndex)
                  200007d0    00000010                         : UART_Driver.obj (.data:UART_TXReadIndex)
                  200007e0    00000010                         : UART_Driver.obj (.data:UART_TXWriteIndex)
                  200007f0    00000004                         : Timer32_Driver.obj (.data)
                  200007f4    00000004     system_msp432p401r.obj (.data)

.stack     0    2000f800    00000800     UNINITIALIZED
                  2000f800    00000004     rtsv7M4_T_le_v4SPD16_eabi.lib : boot_cortex_m.c.obj (.stack)
                  2000f804    000007fc     --HOLE--

MODULE SUMMARY

       Module                        code   ro data   rw data
       ------                        ----   -------   -------
    .\
       system_msp432p401r.obj        888    0         8      
       MPSIO.obj                     594    0         0      
       main.obj                      480    0         0      
       startup_msp432p401r_ccs.obj   14     228       0      
    +--+-----------------------------+------+---------+---------+
       Total:                        1976   228       8      
                                                             
    C:/Users/amartinezacosta/Desktop/Salieri Drivers/lib/Salieri Drivers.lib
       UART_Driver.obj               1780   0         2496   
       GPIO_Driver.obj               976    0         768    
       PWM_Driver.obj                304    0         640    
       ADC_Driver.obj                472    0         160    
       Timer32_Driver.obj            156    0         8      
    +--+-----------------------------+------+---------+---------+
       Total:                        3688   0         4072   
                                                             
    C:\ti\ccsv7\tools\compiler\ti-cgt-arm_18.1.1.LTS\lib\rtsv7M4_T_le_v4SPD16_eabi.lib
       memcpy_t2.asm.obj             156    0         0      
       memset_t2.asm.obj             122    0         0      
       copy_decompress_lzss.c.obj    104    0         0      
       autoinit.c.obj                68     0         0      
       boot_cortex_m.c.obj           56     0         0      
       copy_decompress_none.c.obj    14     0         0      
       copy_zero_init.c.obj          12     0         0      
       exit.c.obj                    4      0         0      
       pre_init.c.obj                4      0         0      
    +--+-----------------------------+------+---------+---------+
       Total:                        540    0         0      
                                                             
       Stack:                        0      0         4096   
       Linker Generated:             0      159       0      
    +--+-----------------------------+------+---------+---------+
       Grand Total:                  6204   387       8176   


LINKER GENERATED COPY TABLES

__TI_cinit_table @ 000019b8 records: 2, size/record: 8, table size: 16
	.data: load addr=00001928, load size=0000007b bytes, run addr=20000400, run size=000003f8 bytes, compression=lzss
	.bss: load addr=000019b0, load size=00000008 bytes, run addr=20000000, run size=00000400 bytes, compression=zero_init


LINKER GENERATED HANDLER TABLE

__TI_handler_table @ 000019a4 records: 3, size/record: 4, table size: 12
	index: 0, handler: __TI_decompress_lzss
	index: 1, handler: __TI_decompress_none
	index: 2, handler: __TI_zero_init


GLOBAL SYMBOLS: SORTED ALPHABETICALLY BY Name 

address   name                          
-------   ----                          
000011b7  ADC0_Callback                 
0000141d  ADC14_IRQHandler              
0000141d  ADC14_IRQHandler              
20000750  ADC_Callbacks                 
20000760  ADC_MapInput                  
20000770  ADC_MapInterrupt              
20000780  ADC_MapMemory                 
20000790  ADC_MapPin                    
00001355  ADC_Open                      
000013b7  ADC_Read                      
00001407  ADC_SetCallback               
0000190f  AES256_IRQHandler             
0000190f  BusFault_Handler              
00001921  C$$EXIT                       
0000190f  COMP_E0_IRQHandler            
0000190f  COMP_E1_IRQHandler            
0000190f  CS_IRQHandler                 
0000190f  DMA_ERR_IRQHandler            
0000190f  DMA_INT0_IRQHandler           
0000190f  DMA_INT1_IRQHandler           
0000190f  DMA_INT2_IRQHandler           
0000190f  DMA_INT3_IRQHandler           
0000190f  DebugMon_Handler              
0000190f  Default_Handler               
000003e9  EUSCIA0_IRQHandler            
000003e9  EUSCIA0_IRQHandler            
000004d1  EUSCIA1_IRQHandler            
000004d1  EUSCIA1_IRQHandler            
000005bd  EUSCIA2_IRQHandler            
000005bd  EUSCIA2_IRQHandler            
00000699  EUSCIA3_IRQHandler            
00000699  EUSCIA3_IRQHandler            
0000190f  EUSCIB0_IRQHandler            
0000190f  EUSCIB1_IRQHandler            
0000190f  EUSCIB2_IRQHandler            
0000190f  EUSCIB3_IRQHandler            
0000190f  FLCTL_IRQHandler              
0000190f  FPU_IRQHandler                
000007d9  GPIO_InterruptMap             
0000081d  GPIO_Open                     
000011ed  GPIO_Pin1Callback             
000011d5  GPIO_Pin6Callback             
000011e1  GPIO_Pin7Callback             
20000400  GPIO_PortCallbacks            
000008df  GPIO_Read                     
0000088f  GPIO_SetCallback              
0000092b  GPIO_Toggle                   
000008f9  GPIO_Write                    
0000190f  HardFault_Handler             
0000109d  MSPgets                       
00000fe3  MSPrintf                      
0000190f  MemManage_Handler             
0000190f  NMI_Handler                   
0000190f  PCM_IRQHandler                
00000945  PORT1_IRQHandler              
00000945  PORT1_IRQHandler              
000009a5  PORT2_IRQHandler              
000009a5  PORT2_IRQHandler              
00000a05  PORT3_IRQHandler              
00000a05  PORT3_IRQHandler              
00000a65  PORT4_IRQHandler              
00000a65  PORT4_IRQHandler              
00000acd  PORT5_IRQHandler              
00000acd  PORT5_IRQHandler              
00000b31  PORT6_IRQHandler              
00000b31  PORT6_IRQHandler              
0000190f  PSS_IRQHandler                
200006d0  PWM_MapCaptureCompareRegister 
200006f0  PWM_MapPin                    
20000710  PWM_MapPort                   
20000730  PWM_MapTimer                  
0000152d  PWM_Open                      
000015fb  PWM_SetDutyCycle              
000015c9  PWM_SetFrequency              
0000190f  PendSV_Handler                
00000f21  PrintChar                     
00000f57  PrintInteger                  
00000f35  PrintString                   
0000190f  RTC_C_IRQHandler              
00001903  Reset_Handler                 
0000190f  SVC_Handler                   
0000190f  SysTick_Handler               
200007f4  SystemCoreClock               
00000ba9  SystemCoreClockUpdate         
00000e21  SystemInit                    
000016cd  T32_INT1_IRQHandler           
000016cd  T32_INT1_IRQHandler           
0000190f  T32_INT2_IRQHandler           
0000190f  T32_INTC_IRQHandler           
0000190f  TA0_0_IRQHandler              
0000190f  TA0_N_IRQHandler              
0000190f  TA1_0_IRQHandler              
0000190f  TA1_N_IRQHandler              
0000190f  TA2_0_IRQHandler              
0000190f  TA2_N_IRQHandler              
0000190f  TA3_0_IRQHandler              
0000190f  TA3_N_IRQHandler              
200007f0  Timer32Callback               
00001175  Timer32_Callback              
0000165d  Timer32_Open                  
000016bd  Timer32_SetCallback           
0000167f  Timer32_Start                 
000016ad  Timer32_Stop                  
20000640  UARTConfigs                   
200007a0  UART_Callbacks                
00000241  UART_ChangeSettings           
00000121  UART_ModuleInterruptMap       
000000e5  UART_ModuleMap                
00000199  UART_ModuleMapPins            
0000015d  UART_ModuleMapPort            
000001d5  UART_Open                     
20000000  UART_RXBuffer                 
200007b0  UART_RXReadIndex              
200007c0  UART_RXWriteIndex             
00000359  UART_Read                     
0000029f  UART_SetCallback              
20000200  UART_TXBuffer                 
200007d0  UART_TXReadIndex              
200007e0  UART_TXWriteIndex             
000002b9  UART_Write                    
0000190f  UsageFault_Handler            
4000480c  WDTCTL_SYM                    
0000190f  WDT_A_IRQHandler              
20010000  __STACK_END                   
00000800  __STACK_SIZE                  
000019b8  __TI_CINIT_Base               
000019c8  __TI_CINIT_Limit              
000019a4  __TI_Handler_Table_Base       
000019b0  __TI_Handler_Table_Limit      
00001879  __TI_auto_init_nobinit_nopinit
0000180f  __TI_decompress_lzss          
000018f5  __TI_decompress_none          
ffffffff  __TI_pprof_out_hndl           
ffffffff  __TI_prof_data_size           
ffffffff  __TI_prof_data_start          
00000000  __TI_static_base__            
00001911  __TI_zero_init                
00001795  __aeabi_memclr                
00001795  __aeabi_memclr4               
00001795  __aeabi_memclr8               
000016f9  __aeabi_memcpy                
000016f9  __aeabi_memcpy4               
000016f9  __aeabi_memcpy8               
00001797  __aeabi_memset                
00001797  __aeabi_memset4               
00001797  __aeabi_memset8               
ffffffff  __binit__                     
ffffffff  __c_args__                    
UNDEFED   __mpu_init                    
2000f800  __stack                       
000018bd  _c_int00_noargs               
UNDEFED   _system_post_cinit            
0000191d  _system_pre_init              
00001921  abort                         
ffffffff  binit                         
00000000  interruptVectors              
000011f9  main                          
000016f9  memcpy                        
0000179d  memset                        
20000580  pwmConfigs                    


GLOBAL SYMBOLS: SORTED BY Symbol Address 

address   name                          
-------   ----                          
00000000  __TI_static_base__            
00000000  interruptVectors              
000000e5  UART_ModuleMap                
00000121  UART_ModuleInterruptMap       
0000015d  UART_ModuleMapPort            
00000199  UART_ModuleMapPins            
000001d5  UART_Open                     
00000241  UART_ChangeSettings           
0000029f  UART_SetCallback              
000002b9  UART_Write                    
00000359  UART_Read                     
000003e9  EUSCIA0_IRQHandler            
000003e9  EUSCIA0_IRQHandler            
000004d1  EUSCIA1_IRQHandler            
000004d1  EUSCIA1_IRQHandler            
000005bd  EUSCIA2_IRQHandler            
000005bd  EUSCIA2_IRQHandler            
00000699  EUSCIA3_IRQHandler            
00000699  EUSCIA3_IRQHandler            
000007d9  GPIO_InterruptMap             
00000800  __STACK_SIZE                  
0000081d  GPIO_Open                     
0000088f  GPIO_SetCallback              
000008df  GPIO_Read                     
000008f9  GPIO_Write                    
0000092b  GPIO_Toggle                   
00000945  PORT1_IRQHandler              
00000945  PORT1_IRQHandler              
000009a5  PORT2_IRQHandler              
000009a5  PORT2_IRQHandler              
00000a05  PORT3_IRQHandler              
00000a05  PORT3_IRQHandler              
00000a65  PORT4_IRQHandler              
00000a65  PORT4_IRQHandler              
00000acd  PORT5_IRQHandler              
00000acd  PORT5_IRQHandler              
00000b31  PORT6_IRQHandler              
00000b31  PORT6_IRQHandler              
00000ba9  SystemCoreClockUpdate         
00000e21  SystemInit                    
00000f21  PrintChar                     
00000f35  PrintString                   
00000f57  PrintInteger                  
00000fe3  MSPrintf                      
0000109d  MSPgets                       
00001175  Timer32_Callback              
000011b7  ADC0_Callback                 
000011d5  GPIO_Pin6Callback             
000011e1  GPIO_Pin7Callback             
000011ed  GPIO_Pin1Callback             
000011f9  main                          
00001355  ADC_Open                      
000013b7  ADC_Read                      
00001407  ADC_SetCallback               
0000141d  ADC14_IRQHandler              
0000141d  ADC14_IRQHandler              
0000152d  PWM_Open                      
000015c9  PWM_SetFrequency              
000015fb  PWM_SetDutyCycle              
0000165d  Timer32_Open                  
0000167f  Timer32_Start                 
000016ad  Timer32_Stop                  
000016bd  Timer32_SetCallback           
000016cd  T32_INT1_IRQHandler           
000016cd  T32_INT1_IRQHandler           
000016f9  __aeabi_memcpy                
000016f9  __aeabi_memcpy4               
000016f9  __aeabi_memcpy8               
000016f9  memcpy                        
00001795  __aeabi_memclr                
00001795  __aeabi_memclr4               
00001795  __aeabi_memclr8               
00001797  __aeabi_memset                
00001797  __aeabi_memset4               
00001797  __aeabi_memset8               
0000179d  memset                        
0000180f  __TI_decompress_lzss          
00001879  __TI_auto_init_nobinit_nopinit
000018bd  _c_int00_noargs               
000018f5  __TI_decompress_none          
00001903  Reset_Handler                 
0000190f  AES256_IRQHandler             
0000190f  BusFault_Handler              
0000190f  COMP_E0_IRQHandler            
0000190f  COMP_E1_IRQHandler            
0000190f  CS_IRQHandler                 
0000190f  DMA_ERR_IRQHandler            
0000190f  DMA_INT0_IRQHandler           
0000190f  DMA_INT1_IRQHandler           
0000190f  DMA_INT2_IRQHandler           
0000190f  DMA_INT3_IRQHandler           
0000190f  DebugMon_Handler              
0000190f  Default_Handler               
0000190f  EUSCIB0_IRQHandler            
0000190f  EUSCIB1_IRQHandler            
0000190f  EUSCIB2_IRQHandler            
0000190f  EUSCIB3_IRQHandler            
0000190f  FLCTL_IRQHandler              
0000190f  FPU_IRQHandler                
0000190f  HardFault_Handler             
0000190f  MemManage_Handler             
0000190f  NMI_Handler                   
0000190f  PCM_IRQHandler                
0000190f  PSS_IRQHandler                
0000190f  PendSV_Handler                
0000190f  RTC_C_IRQHandler              
0000190f  SVC_Handler                   
0000190f  SysTick_Handler               
0000190f  T32_INT2_IRQHandler           
0000190f  T32_INTC_IRQHandler           
0000190f  TA0_0_IRQHandler              
0000190f  TA0_N_IRQHandler              
0000190f  TA1_0_IRQHandler              
0000190f  TA1_N_IRQHandler              
0000190f  TA2_0_IRQHandler              
0000190f  TA2_N_IRQHandler              
0000190f  TA3_0_IRQHandler              
0000190f  TA3_N_IRQHandler              
0000190f  UsageFault_Handler            
0000190f  WDT_A_IRQHandler              
00001911  __TI_zero_init                
0000191d  _system_pre_init              
00001921  C$$EXIT                       
00001921  abort                         
000019a4  __TI_Handler_Table_Base       
000019b0  __TI_Handler_Table_Limit      
000019b8  __TI_CINIT_Base               
000019c8  __TI_CINIT_Limit              
20000000  UART_RXBuffer                 
20000200  UART_TXBuffer                 
20000400  GPIO_PortCallbacks            
20000580  pwmConfigs                    
20000640  UARTConfigs                   
200006d0  PWM_MapCaptureCompareRegister 
200006f0  PWM_MapPin                    
20000710  PWM_MapPort                   
20000730  PWM_MapTimer                  
20000750  ADC_Callbacks                 
20000760  ADC_MapInput                  
20000770  ADC_MapInterrupt              
20000780  ADC_MapMemory                 
20000790  ADC_MapPin                    
200007a0  UART_Callbacks                
200007b0  UART_RXReadIndex              
200007c0  UART_RXWriteIndex             
200007d0  UART_TXReadIndex              
200007e0  UART_TXWriteIndex             
200007f0  Timer32Callback               
200007f4  SystemCoreClock               
2000f800  __stack                       
20010000  __STACK_END                   
4000480c  WDTCTL_SYM                    
ffffffff  __TI_pprof_out_hndl           
ffffffff  __TI_prof_data_size           
ffffffff  __TI_prof_data_start          
ffffffff  __binit__                     
ffffffff  __c_args__                    
ffffffff  binit                         
UNDEFED   __mpu_init                    
UNDEFED   _system_post_cinit            

[160 symbols]
